
> sidrah-web@0.1.0 build
> vite build

[36mvite v7.3.6 [32mbuilding client environment for production...[36m[39m
transforming...
[32mΓ£ô[39m 1090 modules transformed.
node.exe : [33m[plugin vite:reporter] 
At line:1 char:1
+ & "C:\nvm4w\nodejs/node.exe" "C:\nvm4w\nodejs/node_modules/npm/bin/np ...
+ ~~~~~~~~~~~~~~~~~~~~~~~~~~~~~~~~~~~~~~~~~~~~~~~~~~~~~~~~~~~~~~~~~~~~~
    + CategoryInfo          : NotSpecified: ([33m[plugin vite:reporter] :String) [], RemoteException
    + FullyQualifiedErrorId : NativeCommandError
 
(!) F:/What_i_Made/New/sidrah_web/src/services/insightsApi.js is dynamically imported by F:/What_i_Made/New/sidrah_web/src/hooks/useInsights.js but also statically imported by 
F:/What_i_Made/New/sidrah_web/src/hooks/useInsights.js, dynamic import will not move module into another chunk.
[39m
rendering chunks...
computing gzip size...
[2mdist/[22m[32mindex.html                                              [39m[1m[2m  2.55 kB[22m[1m[22m[2m Γöé gzip:   0.82 kB[22m
[2mdist/[22m[32massets/eurofins-S2CnUDIt.png                            [39m[1m[2m  4.87 kB[22m[1m[22m
[2mdist/[22m[32massets/frame_0062-D181xvvo.webp                         [39m[1m[2m  7.43 kB[22m[1m[22m
[2mdist/[22m[32massets/frame_0063-CQMUBuxF.webp                         [39m[1m[2m  7.47 kB[22m[1m[22m
[2mdist/[22m[32massets/frame_0064-BmWScPIa.webp                         [39m[1m[2m  7.51 kB[22m[1m[22m
[2mdist/[22m[32massets/frame_0066-BvDR3Uoa.webp                         [39m[1m[2m  7.62 kB[22m[1m[22m
[2mdist/[22m[32massets/frame_0065-DGmn5Rna.webp                         [39m[1m[2m  7.63 kB[22m[1m[22m
[2mdist/[22m[32massets/frame_0067-oVyLOeci.webp                         [39m[1m[2m  7.86 kB[22m[1m[22m
[2mdist/[22m[32massets/frame_0068-_cjEtJYJ.webp                         [39m[1m[2m  7.94 kB[22m[1m[22m
[2mdist/[22m[32massets/frame_0069-DR3koP_u.webp                         [39m[1m[2m  8.18 kB[22m[1m[22m
[2mdist/[22m[32massets/frame_0070-ByqtI7ap.webp                         [39m[1m[2m  8.28 kB[22m[1m[22m
[2mdist/[22m[32massets/frame_0071-D2aXdCQ8.webp                         [39m[1m[2m  8.53 kB[22m[1m[22m
[2mdist/[22m[32massets/frame_0072-CVeDxEHQ.webp                         [39m[1m[2m  8.56 kB[22m[1m[22m
[2mdist/[22m[32massets/frame_0073-BvFlh3ns.webp                         [39m[1m[2m  8.78 kB[22m[1m[22m
[2mdist/[22m[32massets/safa-CZeMDsK6.webp                               [39m[1m[2m  8.80 kB[22m[1m[22m
[2mdist/[22m[32massets/frame_0074-BythOs6e.webp                         [39m[1m[2m  9.00 kB[22m[1m[22m
[2mdist/[22m[32massets/frame_0075-DoYMAaqI.webp                         [39m[1m[2m  9.08 kB[22m[1m[22m
[2mdist/[22m[32massets/frame_0076-Dw8yzCRr.webp                         [39m[1m[2m  9.18 kB[22m[1m[22m
[2mdist/[22m[32massets/frame_0077-J_ZK_yo2.webp                         [39m[1m[2m  9.25 kB[22m[1m[22m
[2mdist/[22m[32massets/frame_0078-BhyKdbSz.webp                         [39m[1m[2m  9.41 kB[22m[1m[22m
[2mdist/[22m[32massets/frame_0006-CL4AY2Ni.webp                         [39m[1m[2m  9.44 kB[22m[1m[22m
[2mdist/[22m[32massets/frame_0004-CPL0lLZ4.webp                         [39m[1m[2m  9.44 kB[22m[1m[22m
[2mdist/[22m[32massets/frame_0001-Dde9aVlL.webp                         [39m[1m[2m  9.45 kB[22m[1m[22m
[2mdist/[22m[32massets/frame_0002-8zWPvYNW.webp                         [39m[1m[2m  9.45 kB[22m[1m[22m
[2mdist/[22m[32massets/frame_0079-B3IPH_kt.webp                         [39m[1m[2m  9.52 kB[22m[1m[22m
[2mdist/[22m[32massets/frame_0007-C9otxp4H.webp                         [39m[1m[2m  9.54 kB[22m[1m[22m
[2mdist/[22m[32massets/frame_0005-BBEyXTdo.webp                         [39m[1m[2m  9.54 kB[22m[1m[22m
[2mdist/[22m[32massets/frame_0003-CDmidTm3.webp                         [39m[1m[2m  9.56 kB[22m[1m[22m
[2mdist/[22m[32massets/frame_0008-CTy5nq-b.webp                         [39m[1m[2m  9.59 kB[22m[1m[22m
[2mdist/[22m[32massets/frame_0009-JmroEpPL.webp                         [39m[1m[2m  9.67 kB[22m[1m[22m
[2mdist/[22m[32massets/frame_0010-DZoaPyZJ.webp                         [39m[1m[2m  9.70 kB[22m[1m[22m
[2mdist/[22m[32massets/frame_0080-CgMMogQ8.webp                         [39m[1m[2m  9.72 kB[22m[1m[22m
[2mdist/[22m[32massets/frame_0011-DRzjPrLl.webp                         [39m[1m[2m  9.72 kB[22m[1m[22m
[2mdist/[22m[32massets/frame_0081-Bn4PAA9h.webp                         [39m[1m[2m  9.74 kB[22m[1m[22m
[2mdist/[22m[32massets/frame_0012-BYUHdg2-.webp                         [39m[1m[2m  9.80 kB[22m[1m[22m
[2mdist/[22m[32massets/frame_0013-t7EPaOph.webp                         [39m[1m[2m  9.83 kB[22m[1m[22m
[2mdist/[22m[32massets/frame_0015-ChxzHkx0.webp                         [39m[1m[2m  9.96 kB[22m[1m[22m
[2mdist/[22m[32massets/frame_0014-SveTG0z8.webp                         [39m[1m[2m 10.01 kB[22m[1m[22m
[2mdist/[22m[32massets/frame_0082-CDS0SVxx.webp                         [39m[1m[2m 10.02 kB[22m[1m[22m
[2mdist/[22m[32massets/frame_0016-DfSQQ6QL.webp                         [39m[1m[2m 10.08 kB[22m[1m[22m
[2mdist/[22m[32massets/frame_0083-WDVmpXi-.webp                         [39m[1m[2m 10.11 kB[22m[1m[22m
[2mdist/[22m[32massets/frame_0018-CiU_gogj.webp                         [39m[1m[2m 10.13 kB[22m[1m[22m
[2mdist/[22m[32massets/frame_0019-tO7COZMA.webp                         [39m[1m[2m 10.14 kB[22m[1m[22m
[2mdist/[22m[32massets/frame_0017-Cf-i-yFH.webp                         [39m[1m[2m 10.17 kB[22m[1m[22m
[2mdist/[22m[32massets/frame_0022-BknwMSrJ.webp                         [39m[1m[2m 10.29 kB[22m[1m[22m
[2mdist/[22m[32massets/frame_0084-DM_kRpwc.webp                         [39m[1m[2m 10.31 kB[22m[1m[22m
[2mdist/[22m[32massets/frame_0020-BcbkGXnG.webp                         [39m[1m[2m 10.34 kB[22m[1m[22m
[2mdist/[22m[32massets/frame_0024-DG9QJu40.webp                         [39m[1m[2m 10.37 kB[22m[1m[22m
[2mdist/[22m[32massets/frame_0085-DG6TD54s.webp                         [39m[1m[2m 10.37 kB[22m[1m[22m
[2mdist/[22m[32massets/frame_0021-P5d-4n4o.webp                         [39m[1m[2m 10.38 kB[22m[1m[22m
[2mdist/[22m[32massets/frame_0023-ze4gt15c.webp                         [39m[1m[2m 10.40 kB[22m[1m[22m
[2mdist/[22m[32massets/frame_0025-CpOIyRCJ.webp                         [39m[1m[2m 10.44 kB[22m[1m[22m
[2mdist/[22m[32massets/frame_0087-B2R3rLxi.webp                         [39m[1m[2m 10.53 kB[22m[1m[22m
[2mdist/[22m[32massets/frame_0086-DTZn75oC.webp                         [39m[1m[2m 10.53 kB[22m[1m[22m
[2mdist/[22m[32massets/frame_0026-CKMgR2nR.webp                         [39m[1m[2m 10.55 kB[22m[1m[22m
[2mdist/[22m[32massets/frame_0028-CXXyH5_h.webp                         [39m[1m[2m 10.57 kB[22m[1m[22m
[2mdist/[22m[32massets/frame_0027-v6hU5RPr.webp                         [39m[1m[2m 10.58 kB[22m[1m[22m
[2mdist/[22m[32massets/frame_0029-COWk0rDh.webp                         [39m[1m[2m 10.60 kB[22m[1m[22m
[2mdist/[22m[32massets/frame_0030-0YOvqXP_.webp                         [39m[1m[2m 10.72 kB[22m[1m[22m
[2mdist/[22m[32massets/frame_0088-qi6mh6qp.webp                         [39m[1m[2m 10.73 kB[22m[1m[22m
[2mdist/[22m[32massets/frame_0031-DLaFsmrs.webp                         [39m[1m[2m 10.78 kB[22m[1m[22m
[2mdist/[22m[32massets/frame_0032-DLX05fVv.webp                         [39m[1m[2m 10.91 kB[22m[1m[22m
[2mdist/[22m[32massets/frame_0089-odfM78Ep.webp                         [39m[1m[2m 10.94 kB[22m[1m[22m
[2mdist/[22m[32massets/frame_0034-DB1kml_R.webp                         [39m[1m[2m 10.97 kB[22m[1m[22m
[2mdist/[22m[32massets/frame_0033-DxYMKELx.webp                         [39m[1m[2m 11.03 kB[22m[1m[22m
[2mdist/[22m[32massets/frame_0090-CuLQUSm-.webp                         [39m[1m[2m 11.09 kB[22m[1m[22m
[2mdist/[22m[32massets/frame_0091-CST1r1pv.webp                         [39m[1m[2m 11.14 kB[22m[1m[22m
[2mdist/[22m[32massets/frame_0035-CrSNC_gf.webp                         [39m[1m[2m 11.19 kB[22m[1m[22m
[2mdist/[22m[32massets/frame_0036-mf1mxf_A.webp                         [39m[1m[2m 11.22 kB[22m[1m[22m
[2mdist/[22m[32massets/frame_0039-CgXxiyL7.webp                         [39m[1m[2m 11.25 kB[22m[1m[22m
[2mdist/[22m[32massets/frame_0038-D_g3W68r.webp                         [39m[1m[2m 11.29 kB[22m[1m[22m
[2mdist/[22m[32massets/frame_0037-CbfxdqpW.webp                         [39m[1m[2m 11.34 kB[22m[1m[22m
[2mdist/[22m[32massets/frame_0040-BfyixQjc.webp                         [39m[1m[2m 11.36 kB[22m[1m[22m
[2mdist/[22m[32massets/frame_0093-C0TePUXg.webp                         [39m[1m[2m 11.40 kB[22m[1m[22m
[2mdist/[22m[32massets/frame_0092-B2HAoBzA.webp                         [39m[1m[2m 11.41 kB[22m[1m[22m
[2mdist/[22m[32massets/frame_0044-CjDNX4iR.webp                         [39m[1m[2m 11.46 kB[22m[1m[22m
[2mdist/[22m[32massets/frame_0042-BVW5xDdG.webp                         [39m[1m[2m 11.47 kB[22m[1m[22m
[2mdist/[22m[32massets/frame_0041-8y2rshpI.webp                         [39m[1m[2m 11.54 kB[22m[1m[22m
[2mdist/[22m[32massets/frame_0043-BvZ7C2qi.webp                         [39m[1m[2m 11.54 kB[22m[1m[22m
[2mdist/[22m[32massets/frame_0094-DspnbSKQ.webp                         [39m[1m[2m 11.58 kB[22m[1m[22m
[2mdist/[22m[32massets/frame_0046-CamMkHd2.webp                         [39m[1m[2m 11.67 kB[22m[1m[22m
[2mdist/[22m[32massets/frame_0045-BCuSU_u3.webp                         [39m[1m[2m 11.68 kB[22m[1m[22m
[2mdist/[22m[32massets/frame_0095-CYWUcM8I.webp                         [39m[1m[2m 11.69 kB[22m[1m[22m
[2mdist/[22m[32massets/frame_0047-BVjVrZZR.webp                         [39m[1m[2m 11.75 kB[22m[1m[22m
[2mdist/[22m[32massets/frame_0048-BE9fFSI7.webp                         [39m[1m[2m 11.79 kB[22m[1m[22m
[2mdist/[22m[32massets/frame_0096-BPgpntoo.webp                         [39m[1m[2m 11.79 kB[22m[1m[22m
[2mdist/[22m[32massets/frame_0097-C307Zl9j.webp                         [39m[1m[2m 11.86 kB[22m[1m[22m
[2mdist/[22m[32massets/frame_0049-C5gVa0we.webp                         [39m[1m[2m 11.95 kB[22m[1m[22m
[2mdist/[22m[32massets/frame_0050-Ddd0gAMQ.webp                         [39m[1m[2m 11.99 kB[22m[1m[22m
[2mdist/[22m[32massets/frame_0051-Cuuw7LlF.webp                         [39m[1m[2m 12.06 kB[22m[1m[22m
[2mdist/[22m[32massets/frame_0052-FttvnOzv.webp                         [39m[1m[2m 12.14 kB[22m[1m[22m
[2mdist/[22m[32massets/frame_0053-D4xSaeKm.webp                         [39m[1m[2m 12.19 kB[22m[1m[22m
[2mdist/[22m[32massets/frame_0054-Bhow1NL4.webp                         [39m[1m[2m 12.23 kB[22m[1m[22m
[2mdist/[22m[32massets/frame_0098-CHlpX-VQ.webp                         [39m[1m[2m 12.26 kB[22m[1m[22m
[2mdist/[22m[32massets/frame_0099-e1nugl9Q.webp                         [39m[1m[2m 12.32 kB[22m[1m[22m
[2mdist/[22m[32massets/frame_0055-1JYqF1tZ.webp                         [39m[1m[2m 12.33 kB[22m[1m[22m
[2mdist/[22m[32massets/frame_0058-BC8mmrFS.webp                         [39m[1m[2m 12.42 kB[22m[1m[22m
[2mdist/[22m[32massets/frame_0056-ygxUPzLa.webp                         [39m[1m[2m 12.52 kB[22m[1m[22m
[2mdist/[22m[32massets/frame_0057-D6n0nqXv.webp                         [39m[1m[2m 12.52 kB[22m[1m[22m
[2mdist/[22m[32massets/frame_0059-B1TIdgVH.webp                         [39m[1m[2m 12.53 kB[22m[1m[22m
[2mdist/[22m[32massets/frame_0100-383yY_Y9.webp                         [39m[1m[2m 12.59 kB[22m[1m[22m
[2mdist/[22m[32massets/frame_0101-D5wyJCMo.webp                         [39m[1m[2m 12.62 kB[22m[1m[22m
[2mdist/[22m[32massets/frame_0060-DO09mKPI.webp                         [39m[1m[2m 12.72 kB[22m[1m[22m
[2mdist/[22m[32massets/frame_0061-Br_Sl45f.webp                         [39m[1m[2m 12.75 kB[22m[1m[22m
[2mdist/[22m[32massets/frame_0102-DzlLyXAb.webp                         [39m[1m[2m 12.89 kB[22m[1m[22m
[2mdist/[22m[32massets/frame_0103-DuYF94Ao.webp                         [39m[1m[2m 13.01 kB[22m[1m[22m
[2mdist/[22m[32massets/frame_0105-DYFgqBtj.webp                         [39m[1m[2m 13.26 kB[22m[1m[22m
[2mdist/[22m[32massets/frame_0104-DsEBgAdg.webp                         [39m[1m[2m 13.32 kB[22m[1m[22m
[2mdist/[22m[32massets/frame_0106-BcxBhHSf.webp                         [39m[1m[2m 13.53 kB[22m[1m[22m
[2mdist/[22m[32massets/frame_0107-BjtYtHY1.webp                         [39m[1m[2m 13.63 kB[22m[1m[22m
[2mdist/[22m[32massets/frame_0108-D9LNQgbp.webp                         [39m[1m[2m 14.01 kB[22m[1m[22m
[2mdist/[22m[32massets/frame_0109-TRl5NAru.webp                         [39m[1m[2m 14.12 kB[22m[1m[22m
[2mdist/[22m[32massets/frame_0154-D25cr8Co.webp                         [39m[1m[2m 14.47 kB[22m[1m[22m
[2mdist/[22m[32massets/frame_0110-temAZGQe.webp                         [39m[1m[2m 14.49 kB[22m[1m[22m
[2mdist/[22m[32massets/frame_0111-D1B2oXTO.webp                         [39m[1m[2m 14.70 kB[22m[1m[22m
[2mdist/[22m[32massets/frame_0153-BSfP3W1Q.webp                         [39m[1m[2m 14.70 kB[22m[1m[22m
[2mdist/[22m[32massets/frame_0124-CH4itsF4.webp                         [39m[1m[2m 14.76 kB[22m[1m[22m
[2mdist/[22m[32massets/frame_0152-CG3Ucuqp.webp                         [39m[1m[2m 14.76 kB[22m[1m[22m
[2mdist/[22m[32massets/frame_0123-B5GiT2hN.webp                         [39m[1m[2m 14.79 kB[22m[1m[22m
[2mdist/[22m[32massets/frame_0126-Bgds3nHQ.webp                         [39m[1m[2m 14.80 kB[22m[1m[22m
[2mdist/[22m[32massets/frame_0155-Bd391xU3.webp                         [39m[1m[2m 14.80 kB[22m[1m[22m
[2mdist/[22m[32massets/frame_0156-BXwE5hcs.webp                         [39m[1m[2m 14.84 kB[22m[1m[22m
[2mdist/[22m[32massets/frame_0185-eXVDmuW0.webp                         [39m[1m[2m 14.84 kB[22m[1m[22m
[2mdist/[22m[32massets/frame_0184-BAEVbT9H.webp                         [39m[1m[2m 14.85 kB[22m[1m[22m
[2mdist/[22m[32massets/frame_0187-BGypi9P1.webp                         [39m[1m[2m 14.87 kB[22m[1m[22m
[2mdist/[22m[32massets/frame_0112-DvEO8BET.webp                         [39m[1m[2m 14.88 kB[22m[1m[22m
[2mdist/[22m[32massets/frame_0186-B8j-MJgP.webp                         [39m[1m[2m 14.90 kB[22m[1m[22m
[2mdist/[22m[32massets/frame_0125-BnhedUcm.webp                         [39m[1m[2m 14.91 kB[22m[1m[22m
[2mdist/[22m[32massets/frame_0189-DWPlondy.webp                         [39m[1m[2m 14.91 kB[22m[1m[22m
[2mdist/[22m[32massets/frame_0191-LlCKSlip.webp                         [39m[1m[2m 14.96 kB[22m[1m[22m
[2mdist/[22m[32massets/frame_0127-D-wH71hm.webp                         [39m[1m[2m 14.96 kB[22m[1m[22m
[2mdist/[22m[32massets/frame_0190-DGnMZi2Q.webp                         [39m[1m[2m 14.98 kB[22m[1m[22m
[2mdist/[22m[32massets/frame_0128-D0RKqBj3.webp                         [39m[1m[2m 15.01 kB[22m[1m[22m
[2mdist/[22m[32massets/frame_0113-WwYfE8YT.webp                         [39m[1m[2m 15.03 kB[22m[1m[22m
[2mdist/[22m[32massets/frame_0188-Hi_8sLFi.webp                         [39m[1m[2m 15.06 kB[22m[1m[22m
[2mdist/[22m[32massets/frame_0158-DTkw4pcO.webp                         [39m[1m[2m 15.07 kB[22m[1m[22m
[2mdist/[22m[32massets/frame_0129-JMfGZvA7.webp                         [39m[1m[2m 15.09 kB[22m[1m[22m
[2mdist/[22m[32massets/frame_0151-Cmn-JXGJ.webp                         [39m[1m[2m 15.09 kB[22m[1m[22m
[2mdist/[22m[32massets/frame_0157-d-Xfsp3N.webp                         [39m[1m[2m 15.11 kB[22m[1m[22m
[2mdist/[22m[32massets/frame_0150-C5U44DFm.webp                         [39m[1m[2m 15.15 kB[22m[1m[22m
[2mdist/[22m[32massets/frame_0192-DiMoVmlM.webp                         [39m[1m[2m 15.18 kB[22m[1m[22m
[2mdist/[22m[32massets/frame_0193-BWW8bhTX.webp                         [39m[1m[2m 15.20 kB[22m[1m[22m
[2mdist/[22m[32massets/frame_0130-Cvr4wrfp.webp                         [39m[1m[2m 15.23 kB[22m[1m[22m
[2mdist/[22m[32massets/frame_0114-DaiGZKjw.webp                         [39m[1m[2m 15.33 kB[22m[1m[22m
[2mdist/[22m[32massets/frame_0160-3tzZI1-A.webp                         [39m[1m[2m 15.43 kB[22m[1m[22m
[2mdist/[22m[32massets/frame_0131-WMq5ZKli.webp                         [39m[1m[2m 15.45 kB[22m[1m[22m
[2mdist/[22m[32massets/frame_0194-C2jdOCnY.webp                         [39m[1m[2m 15.45 kB[22m[1m[22m
[2mdist/[22m[32massets/frame_0115-D-laiWVZ.webp                         [39m[1m[2m 15.46 kB[22m[1m[22m
[2mdist/[22m[32massets/frame_0195-CXisAUP-.webp                         [39m[1m[2m 15.47 kB[22m[1m[22m
[2mdist/[22m[32massets/frame_0159--LFAV6Ao.webp                         [39m[1m[2m 15.48 kB[22m[1m[22m
[2mdist/[22m[32massets/frame_0132-DLW6IK9z.webp                         [39m[1m[2m 15.49 kB[22m[1m[22m
[2mdist/[22m[32massets/frame_0134-CslkGOFN.webp                         [39m[1m[2m 15.62 kB[22m[1m[22m
[2mdist/[22m[32massets/frame_0161-hytqv5vk.webp                         [39m[1m[2m 15.65 kB[22m[1m[22m
[2mdist/[22m[32massets/frame_0133-lLScx7yu.webp                         [39m[1m[2m 15.67 kB[22m[1m[22m
[2mdist/[22m[32massets/frame_0162-BAX3le5g.webp                         [39m[1m[2m 15.70 kB[22m[1m[22m
[2mdist/[22m[32massets/frame_0116-D2M3wwKc.webp                         [39m[1m[2m 15.72 kB[22m[1m[22m
[2mdist/[22m[32massets/frame_0197-fZMNl4pq.webp                         [39m[1m[2m 15.81 kB[22m[1m[22m
[2mdist/[22m[32massets/frame_0117-Cb2lG4SN.webp                         [39m[1m[2m 15.82 kB[22m[1m[22m
[2mdist/[22m[32massets/frame_0135-DEcymrY1.webp                         [39m[1m[2m 15.85 kB[22m[1m[22m
[2mdist/[22m[32massets/frame_0196-CxvvRXkD.webp                         [39m[1m[2m 15.86 kB[22m[1m[22m
[2mdist/[22m[32massets/frame_0136-Dnlt_3ab.webp                         [39m[1m[2m 15.87 kB[22m[1m[22m
[2mdist/[22m[32massets/frame_0148-y0oXskW5.webp                         [39m[1m[2m 15.95 kB[22m[1m[22m
[2mdist/[22m[32massets/frame_0138-7D2RUAue.webp                         [39m[1m[2m 15.98 kB[22m[1m[22m
[2mdist/[22m[32massets/frame_0163-BBEs-S4f.webp                         [39m[1m[2m 15.99 kB[22m[1m[22m
[2mdist/[22m[32massets/frame_0164-DtbyP7j4.webp                         [39m[1m[2m 16.04 kB[22m[1m[22m
[2mdist/[22m[32massets/frame_0149-C0eQRXX8.webp                         [39m[1m[2m 16.05 kB[22m[1m[22m
[2mdist/[22m[32massets/frame_0137-7XPA5Y5p.webp                         [39m[1m[2m 16.06 kB[22m[1m[22m
[2mdist/[22m[32massets/frame_0199-E3V3Ht7o.webp                         [39m[1m[2m 16.18 kB[22m[1m[22m
[2mdist/[22m[32massets/frame_0142-BVOiXsXZ.webp                         [39m[1m[2m 16.20 kB[22m[1m[22m
[2mdist/[22m[32massets/frame_0198-_V5szaL5.webp                         [39m[1m[2m 16.22 kB[22m[1m[22m
[2mdist/[22m[32massets/frame_0165-edUg25_X.webp                         [39m[1m[2m 16.23 kB[22m[1m[22m
[2mdist/[22m[32massets/frame_0118-DhM2kemv.webp                         [39m[1m[2m 16.23 kB[22m[1m[22m
[2mdist/[22m[32massets/frame_0140-luDHnn4f.webp                         [39m[1m[2m 16.25 kB[22m[1m[22m
[2mdist/[22m[32massets/frame_0144-NrWIHvGN.webp                         [39m[1m[2m 16.33 kB[22m[1m[22m
[2mdist/[22m[32massets/frame_0166-00rM4hCK.webp                         [39m[1m[2m 16.35 kB[22m[1m[22m
[2mdist/[22m[32massets/frame_0139-Bp6rKPBx.webp                         [39m[1m[2m 16.35 kB[22m[1m[22m
[2mdist/[22m[32massets/frame_0146-BE2NmZGr.webp                         [39m[1m[2m 16.41 kB[22m[1m[22m
[2mdist/[22m[32massets/frame_0119-DOnyMu55.webp                         [39m[1m[2m 16.42 kB[22m[1m[22m
[2mdist/[22m[32massets/frame_0143-ByaZgef0.webp                         [39m[1m[2m 16.49 kB[22m[1m[22m
[2mdist/[22m[32massets/frame_0141-J4Qw1p0Q.webp                         [39m[1m[2m 16.50 kB[22m[1m[22m
[2mdist/[22m[32massets/frame_0145-DTAmqFOL.webp                         [39m[1m[2m 16.56 kB[22m[1m[22m
[2mdist/[22m[32massets/frame_0147-ByJiYGWk.webp                         [39m[1m[2m 16.57 kB[22m[1m[22m
[2mdist/[22m[32massets/frame_0200-B1n7kswZ.webp                         [39m[1m[2m 16.58 kB[22m[1m[22m
[2mdist/[22m[32massets/frame_0120-C0bMTqFE.webp                         [39m[1m[2m 16.69 kB[22m[1m[22m
[2mdist/[22m[32massets/frame_0167-c9fl2Sfy.webp                         [39m[1m[2m 16.74 kB[22m[1m[22m
[2mdist/[22m[32massets/frame_0121-DpDLNxUo.webp                         [39m[1m[2m 16.75 kB[22m[1m[22m
[2mdist/[22m[32massets/frame_0201-CbPgawXU.webp                         [39m[1m[2m 16.76 kB[22m[1m[22m
[2mdist/[22m[32massets/frame_0168-BU2uWfmN.webp                         [39m[1m[2m 16.77 kB[22m[1m[22m
[2mdist/[22m[32massets/Orangetheory-Fitness-Logo-BEXGFHmj.png           [39m[1m[2m 17.03 kB[22m[1m[22m
[2mdist/[22m[32massets/frame_0170-Br_xtyiz.webp                         [39m[1m[2m 17.16 kB[22m[1m[22m
[2mdist/[22m[32massets/frame_0169-BcM47zbw.webp                         [39m[1m[2m 17.16 kB[22m[1m[22m
[2mdist/[22m[32massets/frame_0202-DPmSKW-S.webp                         [39m[1m[2m 17.19 kB[22m[1m[22m
[2mdist/[22m[32massets/frame_0203-BSTFTW7l.webp                         [39m[1m[2m 17.29 kB[22m[1m[22m
[2mdist/[22m[32massets/frame_0122-DvvNnlBC.webp                         [39m[1m[2m 17.36 kB[22m[1m[22m
[2mdist/[22m[32massets/frame_0171-b4QaRhfC.webp                         [39m[1m[2m 17.53 kB[22m[1m[22m
[2mdist/[22m[32massets/frame_0172-D5ZSWE0T.webp                         [39m[1m[2m 17.67 kB[22m[1m[22m
[2mdist/[22m[32massets/frame_0204-DhfosOsC.webp                         [39m[1m[2m 17.81 kB[22m[1m[22m
[2mdist/[22m[32massets/frame_0173-BRX2wcQo.webp                         [39m[1m[2m 17.96 kB[22m[1m[22m
[2mdist/[22m[32massets/frame_0174-07HRWxGB.webp                         [39m[1m[2m 17.97 kB[22m[1m[22m
[2mdist/[22m[32massets/frame_0205-BNMM6mBz.webp                         [39m[1m[2m 17.99 kB[22m[1m[22m
[2mdist/[22m[32massets/frame_0175-DLwHNWfM.webp                         [39m[1m[2m 18.26 kB[22m[1m[22m
[2mdist/[22m[32massets/frame_0176-gEISnGH5.webp                         [39m[1m[2m 18.51 kB[22m[1m[22m
[2mdist/[22m[32massets/frame_0206-COTS6M_q.webp                         [39m[1m[2m 18.58 kB[22m[1m[22m
[2mdist/[22m[32massets/frame_0177-qgk2q0xo.webp                         [39m[1m[2m 18.75 kB[22m[1m[22m
[2mdist/[22m[32massets/frame_0207-BZsrd7ES.webp                         [39m[1m[2m 18.79 kB[22m[1m[22m
[2mdist/[22m[32massets/frame_0178-0y7pL8tT.webp                         [39m[1m[2m 18.81 kB[22m[1m[22m
[2mdist/[22m[32massets/frame_0179-vYcYAz65.webp                         [39m[1m[2m 19.32 kB[22m[1m[22m
[2mdist/[22m[32massets/frame_0180-kkRgdQHn.webp                         [39m[1m[2m 19.51 kB[22m[1m[22m
[2mdist/[22m[32massets/frame_0208-DmqeIP7l.webp                         [39m[1m[2m 19.64 kB[22m[1m[22m
[2mdist/[22m[32massets/frame_0181-DJ3PcUvP.webp                         [39m[1m[2m 19.94 kB[22m[1m[22m
[2mdist/[22m[32massets/frame_0182-Dh6a4a2J.webp                         [39m[1m[2m 20.09 kB[22m[1m[22m
[2mdist/[22m[32massets/frame_0209-DCd4Kibl.webp                         [39m[1m[2m 20.22 kB[22m[1m[22m
[2mdist/[22m[32massets/frame_0183-CMI-bnue.webp                         [39m[1m[2m 20.39 kB[22m[1m[22m
[2mdist/[22m[32massets/frame_0210-CTYaSRRA.webp                         [39m[1m[2m 21.22 kB[22m[1m[22m
[2mdist/[22m[32massets/frame_0211-DPjmfiFI.webp                         [39m[1m[2m 22.00 kB[22m[1m[22m
[2mdist/[22m[32massets/frame_0212-DdXfc7_n.webp                         [39m[1m[2m 22.85 kB[22m[1m[22m
[2mdist/[22m[32massets/frame_0213-CBdBxG6p.webp                         [39m[1m[2m 23.85 kB[22m[1m[22m
[2mdist/[22m[32massets/frame_0321-C_gpJwZx.webp                         [39m[1m[2m 24.70 kB[22m[1m[22m
[2mdist/[22m[32massets/frame_0214-BQm20QCX.webp                         [39m[1m[2m 25.12 kB[22m[1m[22m
[2mdist/[22m[32massets/frame_0319-BRcancqn.webp                         [39m[1m[2m 25.44 kB[22m[1m[22m
[2mdist/[22m[32massets/frame_0215-BpJ0-0Z8.webp                         [39m[1m[2m 26.06 kB[22m[1m[22m
[2mdist/[22m[32massets/frame_0322-CMiO66_P.webp                         [39m[1m[2m 26.41 kB[22m[1m[22m
[2mdist/[22m[32massets/frame_0317-aCMJtc2v.webp                         [39m[1m[2m 26.41 kB[22m[1m[22m
[2mdist/[22m[32massets/frame_0320-B_RlVXiO.webp                         [39m[1m[2m 26.55 kB[22m[1m[22m
[2mdist/[22m[32massets/frame_0323-ligBp0rd.webp                         [39m[1m[2m 26.75 kB[22m[1m[22m
[2mdist/[22m[32massets/frame_0245-Dxf4_-FN.webp                         [39m[1m[2m 26.82 kB[22m[1m[22m
[2mdist/[22m[32massets/frame_0318-BDfslxuJ.webp                         [39m[1m[2m 26.84 kB[22m[1m[22m
[2mdist/[22m[32massets/frame_0246-D2xPfPE-.webp                         [39m[1m[2m 26.98 kB[22m[1m[22m
[2mdist/[22m[32massets/frame_0062-Dx9YesWT.webp                         [39m[1m[2m 26.98 kB[22m[1m[22m
[2mdist/[22m[32massets/frame_0065-ZOUtN-JJ.webp                         [39m[1m[2m 27.17 kB[22m[1m[22m
[2mdist/[22m[32massets/frame_0064-UPaQb23l.webp                         [39m[1m[2m 27.21 kB[22m[1m[22m
[2mdist/[22m[32massets/frame_0063-BJ-RNgeO.webp                         [39m[1m[2m 27.26 kB[22m[1m[22m
[2mdist/[22m[32massets/frame_0216-BdHnfhfz.webp                         [39m[1m[2m 27.27 kB[22m[1m[22m
[2mdist/[22m[32massets/frame_0066-C5aGbhvo.webp                         [39m[1m[2m 27.30 kB[22m[1m[22m
[2mdist/[22m[32massets/frame_0247-Czk1CEFE.webp                         [39m[1m[2m 27.56 kB[22m[1m[22m
[2mdist/[22m[32massets/frame_0068-8wZMfGt5.webp                         [39m[1m[2m 27.75 kB[22m[1m[22m
[2mdist/[22m[32massets/frame_0315-Crmvo0m-.webp                         [39m[1m[2m 27.83 kB[22m[1m[22m
[2mdist/[22m[32massets/frame_0248-YBF3Qhrk.webp                         [39m[1m[2m 27.88 kB[22m[1m[22m
[2mdist/[22m[32massets/frame_0067-BTpsQZll.webp                         [39m[1m[2m 27.88 kB[22m[1m[22m
[2mdist/[22m[32massets/frame_0316-CSKAm_QQ.webp                         [39m[1m[2m 27.98 kB[22m[1m[22m
[2mdist/[22m[32massets/frame_0217-r6r6c9x8.webp                         [39m[1m[2m 28.01 kB[22m[1m[22m
[2mdist/[22m[32massets/frame_0069-B-ulouG8.webp                         [39m[1m[2m 28.73 kB[22m[1m[22m
[2mdist/[22m[32massets/frame_0249-DcCInPkQ.webp                         [39m[1m[2m 28.77 kB[22m[1m[22m
[2mdist/[22m[32massets/frame_0250-Cn7dMg_1.webp                         [39m[1m[2m 28.80 kB[22m[1m[22m
[2mdist/[22m[32massets/frame_0070-BRR-wtYl.webp                         [39m[1m[2m 28.92 kB[22m[1m[22m
[2mdist/[22m[32massets/frame_0251-3APvdDRi.webp                         [39m[1m[2m 29.42 kB[22m[1m[22m
[2mdist/[22m[32massets/frame_0218-BHzL23qg.webp                         [39m[1m[2m 29.43 kB[22m[1m[22m
[2mdist/[22m[32massets/frame_0252-CDIxrAcn.webp                         [39m[1m[2m 29.44 kB[22m[1m[22m
[2mdist/[22m[32massets/frame_0072-Bgl5Z7G2.webp                         [39m[1m[2m 29.49 kB[22m[1m[22m
[2mdist/[22m[32massets/frame_0313-CPlOS3eE.webp                         [39m[1m[2m 29.62 kB[22m[1m[22m
[2mdist/[22m[32massets/frame_0071-B0qzxlXf.webp                         [39m[1m[2m 29.68 kB[22m[1m[22m
[2mdist/[22m[32massets/frame_0314-B1TRqK8R.webp                         [39m[1m[2m 30.13 kB[22m[1m[22m
[2mdist/[22m[32massets/frame_0073-BXo6M7f1.webp                         [39m[1m[2m 30.32 kB[22m[1m[22m
[2mdist/[22m[32massets/frame_0219-BYhd1h12.webp                         [39m[1m[2m 30.37 kB[22m[1m[22m
[2mdist/[22m[32massets/frame_0253-BNBquUZo.webp                         [39m[1m[2m 30.43 kB[22m[1m[22m
[2mdist/[22m[32massets/frame_0324-ClMb9vHl.webp                         [39m[1m[2m 30.58 kB[22m[1m[22m
[2mdist/[22m[32massets/frame_0254-Cu5920lw.webp                         [39m[1m[2m 30.60 kB[22m[1m[22m
[2mdist/[22m[32massets/frame_0309-jhdLhJcy.webp                         [39m[1m[2m 30.69 kB[22m[1m[22m
[2mdist/[22m[32massets/frame_0325-Da4wcS5l.webp                         [39m[1m[2m 30.74 kB[22m[1m[22m
[2mdist/[22m[32massets/frame_0074-D85x4NE2.webp                         [39m[1m[2m 30.75 kB[22m[1m[22m
[2mdist/[22m[32massets/frame_0075-ypBtTAZE.webp                         [39m[1m[2m 30.87 kB[22m[1m[22m
[2mdist/[22m[32massets/frame_0311-DVwMndNa.webp                         [39m[1m[2m 30.89 kB[22m[1m[22m
[2mdist/[22m[32massets/frame_0312-Bv-zR9YM.webp                         [39m[1m[2m 31.05 kB[22m[1m[22m
[2mdist/[22m[32massets/frame_0076-Aw6M1GU0.webp                         [39m[1m[2m 31.09 kB[22m[1m[22m
[2mdist/[22m[32massets/frame_0077-vpyUt8d8.webp                         [39m[1m[2m 31.14 kB[22m[1m[22m
[2mdist/[22m[32massets/frame_0220-Cyz8cQr-.webp                         [39m[1m[2m 31.32 kB[22m[1m[22m
[2mdist/[22m[32massets/frame_0307-D1hy7kLb.webp                         [39m[1m[2m 31.52 kB[22m[1m[22m
[2mdist/[22m[32massets/frame_0255-DiHGNnnB.webp                         [39m[1m[2m 31.63 kB[22m[1m[22m
[2mdist/[22m[32massets/frame_0221-6hjbsT-3.webp                         [39m[1m[2m 31.91 kB[22m[1m[22m
[2mdist/[22m[32massets/frame_0310-g6x9iIT-.webp                         [39m[1m[2m 31.94 kB[22m[1m[22m
[2mdist/[22m[32massets/frame_0078-BZMqG0s5.webp                         [39m[1m[2m 32.04 kB[22m[1m[22m
[2mdist/[22m[32massets/frame_0256-DINYA1Fb.webp                         [39m[1m[2m 32.09 kB[22m[1m[22m
[2mdist/[22m[32massets/frame_0306-C7fRJofz.webp                         [39m[1m[2m 32.10 kB[22m[1m[22m
[2mdist/[22m[32massets/frame_0308-BGpQQ2um.webp                         [39m[1m[2m 32.18 kB[22m[1m[22m
[2mdist/[22m[32massets/frame_0079-DDG_iHal.webp                         [39m[1m[2m 32.21 kB[22m[1m[22m
[2mdist/[22m[32massets/frame_0335-D_NmWURz.webp                         [39m[1m[2m 32.29 kB[22m[1m[22m
[2mdist/[22m[32massets/frame_0337-DqhkOLh2.webp                         [39m[1m[2m 32.62 kB[22m[1m[22m
[2mdist/[22m[32massets/frame_0080-4sKoWKCA.webp                         [39m[1m[2m 32.66 kB[22m[1m[22m
[2mdist/[22m[32massets/frame_0258-G6prS7uj.webp                         [39m[1m[2m 32.89 kB[22m[1m[22m
[2mdist/[22m[32massets/frame_0222-BvDHU6v2.webp                         [39m[1m[2m 32.92 kB[22m[1m[22m
[2mdist/[22m[32massets/frame_0081-DkKqzDhy.webp                         [39m[1m[2m 32.97 kB[22m[1m[22m
[2mdist/[22m[32massets/frame_0223-iqw0M8s8.webp                         [39m[1m[2m 33.18 kB[22m[1m[22m
[2mdist/[22m[32massets/frame_0257-CFymAHvM.webp                         [39m[1m[2m 33.25 kB[22m[1m[22m
[2mdist/[22m[32massets/frame_0333-DHi6Y_j5.webp                         [39m[1m[2m 33.26 kB[22m[1m[22m
[2mdist/[22m[32massets/frame_0336-FabwuhOg.webp                         [39m[1m[2m 33.71 kB[22m[1m[22m
[2mdist/[22m[32massets/frame_0339-CHyjiwRj.webp                         [39m[1m[2m 33.75 kB[22m[1m[22m
[2mdist/[22m[32massets/frame_0334-DJ2xZ2Ol.webp                         [39m[1m[2m 33.77 kB[22m[1m[22m
[2mdist/[22m[32massets/frame_0082-DK7gVoOg.webp                         [39m[1m[2m 34.02 kB[22m[1m[22m
[2mdist/[22m[32massets/frame_0224-BxgExCpo.webp                         [39m[1m[2m 34.05 kB[22m[1m[22m
[2mdist/[22m[32massets/frame_0225-B0ghnohq.webp                         [39m[1m[2m 34.07 kB[22m[1m[22m
[2mdist/[22m[32massets/frame_0327-Dp1ZTZHg.webp                         [39m[1m[2m 34.13 kB[22m[1m[22m
[2mdist/[22m[32massets/frame_0331-CzBV_jHa.webp                         [39m[1m[2m 34.17 kB[22m[1m[22m
[2mdist/[22m[32massets/frame_0338-Bm69yaZj.webp                         [39m[1m[2m 34.19 kB[22m[1m[22m
[2mdist/[22m[32massets/frame_0260-CuNcN7fw.webp                         [39m[1m[2m 34.35 kB[22m[1m[22m
[2mdist/[22m[32massets/frame_0329-BC2aM7YJ.webp                         [39m[1m[2m 34.40 kB[22m[1m[22m
[2mdist/[22m[32massets/frame_0083-qNbC4Hg4.webp                         [39m[1m[2m 34.41 kB[22m[1m[22m
[2mdist/[22m[32massets/frame_0259-DqNRuCRX.webp                         [39m[1m[2m 34.64 kB[22m[1m[22m
[2mdist/[22m[32massets/frame_0332-qGXP4bPB.webp                         [39m[1m[2m 34.69 kB[22m[1m[22m
[2mdist/[22m[32massets/frame_0084-C85Wg-KA.webp                         [39m[1m[2m 34.74 kB[22m[1m[22m
[2mdist/[22m[32massets/frame_0226-rGP5yT3S.webp                         [39m[1m[2m 34.76 kB[22m[1m[22m
[2mdist/[22m[32massets/frame_0227-B0z6ZdUc.webp                         [39m[1m[2m 34.79 kB[22m[1m[22m
[2mdist/[22m[32massets/frame_0085-DjR_rGCX.webp                         [39m[1m[2m 34.80 kB[22m[1m[22m
[2mdist/[22m[32massets/frame_0326-UP7LpVUP.webp                         [39m[1m[2m 35.05 kB[22m[1m[22m
[2mdist/[22m[32massets/frame_0341-CmTdYxOz.webp                         [39m[1m[2m 35.22 kB[22m[1m[22m
[2mdist/[22m[32massets/frame_0229-Di4nn31b.webp                         [39m[1m[2m 35.23 kB[22m[1m[22m
[2mdist/[22m[32massets/frame_0228-CbW2psSf.webp                         [39m[1m[2m 35.30 kB[22m[1m[22m
[2mdist/[22m[32massets/frame_0086-Cwoo2d3w.webp                         [39m[1m[2m 35.36 kB[22m[1m[22m
[2mdist/[22m[32massets/club-pilates-logo-g2gsvcvaj31u80ap-CAQWyjTo.png  [39m[1m[2m 35.45 kB[22m[1m[22m
[2mdist/[22m[32massets/frame_0087-BOoUgXPk.webp                         [39m[1m[2m 35.53 kB[22m[1m[22m
[2mdist/[22m[32massets/frame_0328-Bp-rpRs1.webp                         [39m[1m[2m 35.63 kB[22m[1m[22m
[2mdist/[22m[32massets/frame_0330-anH190nv.webp                         [39m[1m[2m 35.75 kB[22m[1m[22m
[2mdist/[22m[32massets/frame_0340-CszF8otx.webp                         [39m[1m[2m 35.95 kB[22m[1m[22m
[2mdist/[22m[32massets/frame_0089-B2HcsxzR.webp                         [39m[1m[2m 36.00 kB[22m[1m[22m
[2mdist/[22m[32massets/frame_0261-Cr3MEHbA.webp                         [39m[1m[2m 36.05 kB[22m[1m[22m
[2mdist/[22m[32massets/frame_0231-D6xF51Xf.webp                         [39m[1m[2m 36.14 kB[22m[1m[22m
[2mdist/[22m[32massets/frame_0262-BlMaGoKm.webp                         [39m[1m[2m 36.15 kB[22m[1m[22m
[2mdist/[22m[32massets/frame_0088-BViId1JT.webp                         [39m[1m[2m 36.15 kB[22m[1m[22m
[2mdist/[22m[32massets/frame_0230-Cb620IUn.webp                         [39m[1m[2m 36.21 kB[22m[1m[22m
[2mdist/[22m[32massets/frame_0090-awx9_nqH.webp                         [39m[1m[2m 36.65 kB[22m[1m[22m
[2mdist/[22m[32massets/frame_0233-Dg_iwtZk.webp                         [39m[1m[2m 36.69 kB[22m[1m[22m
[2mdist/[22m[32massets/frame_0091-DJ-UZOtw.webp                         [39m[1m[2m 36.73 kB[22m[1m[22m
[2mdist/[22m[32massets/frame_0004-Bf5EBgsH.webp                         [39m[1m[2m 36.74 kB[22m[1m[22m
[2mdist/[22m[32massets/frame_0232-54OY1vFT.webp                         [39m[1m[2m 36.81 kB[22m[1m[22m
[2mdist/[22m[32massets/frame_0002-Bsr_yo3d.webp                         [39m[1m[2m 37.18 kB[22m[1m[22m
[2mdist/[22m[32massets/frame_0234-HV_krScB.webp                         [39m[1m[2m 37.26 kB[22m[1m[22m
[2mdist/[22m[32massets/frame_0006-XVA96BBD.webp                         [39m[1m[2m 37.29 kB[22m[1m[22m
[2mdist/[22m[32massets/frame_0001-BDCVKtXI.webp                         [39m[1m[2m 37.39 kB[22m[1m[22m
[2mdist/[22m[32massets/frame_0235-CtE-wyN9.webp                         [39m[1m[2m 37.40 kB[22m[1m[22m
[2mdist/[22m[32massets/frame_0005-BK_IhFNc.webp                         [39m[1m[2m 37.46 kB[22m[1m[22m
[2mdist/[22m[32massets/frame_0092-CpyyzdgF.webp                         [39m[1m[2m 37.57 kB[22m[1m[22m
[2mdist/[22m[32massets/frame_0237-VcGSlZgG.webp                         [39m[1m[2m 37.62 kB[22m[1m[22m
[2mdist/[22m[32massets/frame_0007-C8DDr-XN.webp                         [39m[1m[2m 37.66 kB[22m[1m[22m
[2mdist/[22m[32massets/frame_0008-QVue8YcH.webp                         [39m[1m[2m 37.74 kB[22m[1m[22m
[2mdist/[22m[32massets/frame_0343-DvHROTqS.webp                         [39m[1m[2m 37.76 kB[22m[1m[22m
[2mdist/[22m[32massets/frame_0236-bs7JeoZV.webp                         [39m[1m[2m 37.89 kB[22m[1m[22m
[2mdist/[22m[32massets/frame_0093-BAFzkXQl.webp                         [39m[1m[2m 37.89 kB[22m[1m[22m
[2mdist/[22m[32massets/frame_0342-BrI98DR1.webp                         [39m[1m[2m 38.07 kB[22m[1m[22m
[2mdist/[22m[32massets/frame_0239-naO6Hs3n.webp                         [39m[1m[2m 38.11 kB[22m[1m[22m
[2mdist/[22m[32massets/frame_0003-C3E54i1Z.webp                         [39m[1m[2m 38.15 kB[22m[1m[22m
[2mdist/[22m[32massets/frame_0010-SIgVnVyI.webp                         [39m[1m[2m 38.18 kB[22m[1m[22m
[2mdist/[22m[32massets/frame_0263-CWpjMgjC.webp                         [39m[1m[2m 38.25 kB[22m[1m[22m
[2mdist/[22m[32massets/frame_0009-DHzKDK-3.webp                         [39m[1m[2m 38.26 kB[22m[1m[22m
[2mdist/[22m[32massets/frame_0238-CDTGqR3_.webp                         [39m[1m[2m 38.26 kB[22m[1m[22m
[2mdist/[22m[32massets/frame_0264-Dou0tHnn.webp                         [39m[1m[2m 38.58 kB[22m[1m[22m
[2mdist/[22m[32massets/frame_0011-Dv88jU87.webp                         [39m[1m[2m 38.59 kB[22m[1m[22m
[2mdist/[22m[32massets/frame_0241-DatkUBtQ.webp                         [39m[1m[2m 38.61 kB[22m[1m[22m
[2mdist/[22m[32massets/frame_0094-n0Xrdc2N.webp                         [39m[1m[2m 38.68 kB[22m[1m[22m
[2mdist/[22m[32massets/frame_0243-D9fvBiAb.webp                         [39m[1m[2m 38.70 kB[22m[1m[22m
[2mdist/[22m[32massets/frame_0012-CxV-ABki.webp                         [39m[1m[2m 38.74 kB[22m[1m[22m
[2mdist/[22m[32massets/frame_0095-kNsaD11Y.webp                         [39m[1m[2m 38.82 kB[22m[1m[22m
[2mdist/[22m[32massets/frame_0240-C_AP6n2J.webp                         [39m[1m[2m 38.91 kB[22m[1m[22m
[2mdist/[22m[32massets/frame_0013-DYPAxkKa.webp                         [39m[1m[2m 39.10 kB[22m[1m[22m
[2mdist/[22m[32massets/frame_0014-BTJY8BJr.webp                         [39m[1m[2m 39.22 kB[22m[1m[22m
[2mdist/[22m[32massets/frame_0097-C6BgOIGP.webp                         [39m[1m[2m 39.24 kB[22m[1m[22m
[2mdist/[22m[32massets/frame_0242-CoxZlQlL.webp                         [39m[1m[2m 39.30 kB[22m[1m[22m
[2mdist/[22m[32massets/frame_0096-CkosbySc.webp                         [39m[1m[2m 39.36 kB[22m[1m[22m
[2mdist/[22m[32massets/frame_0015-1Gd6rHH0.webp                         [39m[1m[2m 39.47 kB[22m[1m[22m
[2mdist/[22m[32massets/frame_0016-C_Qjqscf.webp                         [39m[1m[2m 39.50 kB[22m[1m[22m
[2mdist/[22m[32massets/frame_0244-DAsLmItH.webp                         [39m[1m[2m 39.56 kB[22m[1m[22m
[2mdist/[22m[32massets/frame_0345-6vvtfaPE.webp                         [39m[1m[2m 39.74 kB[22m[1m[22m
[2mdist/[22m[32massets/frame_0017-CBBMUMDp.webp                         [39m[1m[2m 39.91 kB[22m[1m[22m
[2mdist/[22m[32massets/frame_0018-YMsz5-tW.webp                         [39m[1m[2m 40.05 kB[22m[1m[22m
[2mdist/[22m[32massets/frame_0344-qnAUqZAZ.webp                         [39m[1m[2m 40.07 kB[22m[1m[22m
[2mdist/[22m[32massets/frame_0020-6Mpl9zoJ.webp                         [39m[1m[2m 40.35 kB[22m[1m[22m
[2mdist/[22m[32massets/frame_0019-OSBsvhIJ.webp                         [39m[1m[2m 40.41 kB[22m[1m[22m
[2mdist/[22m[32massets/frame_0099-CCu4GB00.webp                         [39m[1m[2m 40.42 kB[22m[1m[22m
[2mdist/[22m[32massets/frame_0021-CKzQQUQw.webp                         [39m[1m[2m 40.76 kB[22m[1m[22m
[2mdist/[22m[32massets/frame_0022-BbmCm4Yg.webp                         [39m[1m[2m 40.78 kB[22m[1m[22m
[2mdist/[22m[32massets/frame_0098-Jv3eHHeG.webp                         [39m[1m[2m 40.82 kB[22m[1m[22m
[2mdist/[22m[32massets/frame_0100-C3NHdu6X.webp                         [39m[1m[2m 41.07 kB[22m[1m[22m
[2mdist/[22m[32massets/frame_0347-1ahqT6JQ.webp                         [39m[1m[2m 41.10 kB[22m[1m[22m
[2mdist/[22m[32massets/frame_0025-DRI3LrbK.webp                         [39m[1m[2m 41.19 kB[22m[1m[22m
[2mdist/[22m[32massets/frame_0024-CHwuMV_-.webp                         [39m[1m[2m 41.31 kB[22m[1m[22m
[2mdist/[22m[32massets/frame_0346-CiJtUzSv.webp                         [39m[1m[2m 41.33 kB[22m[1m[22m
[2mdist/[22m[32massets/frame_0265-D597BXhs.webp                         [39m[1m[2m 41.35 kB[22m[1m[22m
[2mdist/[22m[32massets/frame_0101-C68OOcpL.webp                         [39m[1m[2m 41.39 kB[22m[1m[22m
[2mdist/[22m[32massets/frame_0023-XNWbOUs6.webp                         [39m[1m[2m 41.39 kB[22m[1m[22m
[2mdist/[22m[32massets/frame_0026-B_YpPq4F.webp                         [39m[1m[2m 41.40 kB[22m[1m[22m
[2mdist/[22m[32massets/frame_0266-CrxPfX_H.webp                         [39m[1m[2m 41.65 kB[22m[1m[22m
[2mdist/[22m[32massets/frame_0027-CVwgmqHb.webp                         [39m[1m[2m 41.78 kB[22m[1m[22m
[2mdist/[22m[32massets/frame_0028-BWjLYNWm.webp                         [39m[1m[2m 41.80 kB[22m[1m[22m
[2mdist/[22m[32massets/frame_0349-zeaR1cwM.webp                         [39m[1m[2m 41.83 kB[22m[1m[22m
[2mdist/[22m[32massets/frame_0102-DKCbE79S.webp                         [39m[1m[2m 41.89 kB[22m[1m[22m
[2mdist/[22m[32massets/frame_0030-_NKutaAd.webp                         [39m[1m[2m 42.02 kB[22m[1m[22m
[2mdist/[22m[32massets/frame_0103-BHTkDSWA.webp                         [39m[1m[2m 42.07 kB[22m[1m[22m
[2mdist/[22m[32massets/frame_0032-3om5YTeF.webp                         [39m[1m[2m 42.13 kB[22m[1m[22m
[2mdist/[22m[32massets/frame_0029-DIe0AGp0.webp                         [39m[1m[2m 42.19 kB[22m[1m[22m
[2mdist/[22m[32massets/frame_0348-CGWMauoN.webp                         [39m[1m[2m 42.38 kB[22m[1m[22m
[2mdist/[22m[32massets/frame_0105-KAjubEQM.webp                         [39m[1m[2m 42.48 kB[22m[1m[22m
[2mdist/[22m[32massets/frame_0031-fC7oUvbM.webp                         [39m[1m[2m 42.66 kB[22m[1m[22m
[2mdist/[22m[32massets/frame_0351-DkuZaBc0.webp                         [39m[1m[2m 42.73 kB[22m[1m[22m
[2mdist/[22m[32massets/frame_0268-mm0yE1oX.webp                         [39m[1m[2m 42.81 kB[22m[1m[22m
[2mdist/[22m[32massets/frame_0034-CRnk_UdU.webp                         [39m[1m[2m 42.90 kB[22m[1m[22m
[2mdist/[22m[32massets/frame_0033-DWCOV9Df.webp                         [39m[1m[2m 42.94 kB[22m[1m[22m
[2mdist/[22m[32massets/frame_0350-B560naEn.webp                         [39m[1m[2m 43.02 kB[22m[1m[22m
[2mdist/[22m[32massets/frame_0104-i0OQGhZN.webp                         [39m[1m[2m 43.26 kB[22m[1m[22m
[2mdist/[22m[32massets/frame_0036-COVqgmYS.webp                         [39m[1m[2m 43.27 kB[22m[1m[22m
[2mdist/[22m[32massets/frame_0267-Dxp1ST_u.webp                         [39m[1m[2m 43.33 kB[22m[1m[22m
[2mdist/[22m[32massets/frame_0353-B2n3nD6t.webp                         [39m[1m[2m 43.40 kB[22m[1m[22m
[2mdist/[22m[32massets/frame_0107-CsRDsqBL.webp                         [39m[1m[2m 43.64 kB[22m[1m[22m
[2mdist/[22m[32massets/frame_0035-BMKd4YTW.webp                         [39m[1m[2m 43.65 kB[22m[1m[22m
[2mdist/[22m[32massets/frame_0357-CWnsmPvF.webp                         [39m[1m[2m 43.67 kB[22m[1m[22m
[2mdist/[22m[32massets/frame_0038-HoYAitef.webp                         [39m[1m[2m 43.82 kB[22m[1m[22m
[2mdist/[22m[32massets/frame_0040-C4tssXMf.webp                         [39m[1m[2m 43.88 kB[22m[1m[22m
[2mdist/[22m[32massets/frame_0355-BedpF9Kz.webp                         [39m[1m[2m 43.89 kB[22m[1m[22m
[2mdist/[22m[32massets/frame_0270-zZjt1SKq.webp                         [39m[1m[2m 43.90 kB[22m[1m[22m
[2mdist/[22m[32massets/frame_0352-Da62Cgiz.webp                         [39m[1m[2m 44.03 kB[22m[1m[22m
[2mdist/[22m[32massets/frame_0037-C1mAQbLp.webp                         [39m[1m[2m 44.03 kB[22m[1m[22m
[2mdist/[22m[32massets/frame_0042-BbOwSI_R.webp                         [39m[1m[2m 44.13 kB[22m[1m[22m
[2mdist/[22m[32massets/frame_0044-BTa8BZrR.webp                         [39m[1m[2m 44.19 kB[22m[1m[22m
[2mdist/[22m[32massets/frame_0039-BrNupH3S.webp                         [39m[1m[2m 44.23 kB[22m[1m[22m
[2mdist/[22m[32massets/frame_0041-C44pwwod.webp                         [39m[1m[2m 44.23 kB[22m[1m[22m
[2mdist/[22m[32massets/frame_0106-DRqmq7H9.webp                         [39m[1m[2m 44.29 kB[22m[1m[22m
[2mdist/[22m[32massets/frame_0359-xDm9XKDy.webp                         [39m[1m[2m 44.30 kB[22m[1m[22m
[2mdist/[22m[32massets/frame_0354-DbPQ0EI2.webp                         [39m[1m[2m 44.31 kB[22m[1m[22m
[2mdist/[22m[32massets/frame_0269-DhgM6thi.webp                         [39m[1m[2m 44.38 kB[22m[1m[22m
[2mdist/[22m[32massets/frame_0043-pVQGswce.webp                         [39m[1m[2m 44.61 kB[22m[1m[22m
[2mdist/[22m[32massets/frame_0356-Kbp2BWVd.webp                         [39m[1m[2m 44.66 kB[22m[1m[22m
[2mdist/[22m[32massets/frame_0109-CrPaGOY_.webp                         [39m[1m[2m 44.67 kB[22m[1m[22m
[2mdist/[22m[32massets/frame_0361-uHR2G9X7.webp                         [39m[1m[2m 44.83 kB[22m[1m[22m
[2mdist/[22m[32massets/frame_0358-BBg8738x.webp                         [39m[1m[2m 44.92 kB[22m[1m[22m
[2mdist/[22m[32massets/frame_0360-DEL38Xdm.webp                         [39m[1m[2m 44.93 kB[22m[1m[22m
[2mdist/[22m[32massets/frame_0046-DAUImI02.webp                         [39m[1m[2m 45.01 kB[22m[1m[22m
[2mdist/[22m[32massets/frame_0045-DTRmIZGi.webp                         [39m[1m[2m 45.33 kB[22m[1m[22m
[2mdist/[22m[32massets/frame_0050-Bvnm8sK7.webp                         [39m[1m[2m 45.39 kB[22m[1m[22m
[2mdist/[22m[32massets/frame_0108-BmEzfh71.webp                         [39m[1m[2m 45.42 kB[22m[1m[22m
[2mdist/[22m[32massets/frame_0052-BD_azj0n.webp                         [39m[1m[2m 45.46 kB[22m[1m[22m
[2mdist/[22m[32massets/frame_0365-BhM8wiLs.webp                         [39m[1m[2m 45.47 kB[22m[1m[22m
[2mdist/[22m[32massets/frame_0048-CORBXCdJ.webp                         [39m[1m[2m 45.49 kB[22m[1m[22m
[2mdist/[22m[32massets/frame_0047-DapG4OHW.webp                         [39m[1m[2m 45.52 kB[22m[1m[22m
[2mdist/[22m[32massets/frame_0363-BQMFN-gn.webp                         [39m[1m[2m 45.58 kB[22m[1m[22m
[2mdist/[22m[32massets/frame_0362-BvSQ7UaM.webp                         [39m[1m[2m 45.76 kB[22m[1m[22m
[2mdist/[22m[32massets/frame_0364-Oe8QocNo.webp                         [39m[1m[2m 45.82 kB[22m[1m[22m
[2mdist/[22m[32massets/frame_0111-C4078XOR.webp                         [39m[1m[2m 45.84 kB[22m[1m[22m
[2mdist/[22m[32massets/frame_0051-CL1cXCUB.webp                         [39m[1m[2m 45.94 kB[22m[1m[22m
[2mdist/[22m[32massets/frame_0054-C6WqQtrZ.webp                         [39m[1m[2m 46.04 kB[22m[1m[22m
[2mdist/[22m[32massets/frame_0049-DAMqA2h0.webp                         [39m[1m[2m 46.06 kB[22m[1m[22m
[2mdist/[22m[32massets/frame_0053-9Ge8Digh.webp                         [39m[1m[2m 46.07 kB[22m[1m[22m
[2mdist/[22m[32massets/frame_0366-DQKnKabR.webp                         [39m[1m[2m 46.15 kB[22m[1m[22m
[2mdist/[22m[32massets/frame_0058-CY_uNgpI.webp                         [39m[1m[2m 46.20 kB[22m[1m[22m
[2mdist/[22m[32massets/frame_0055-C3MZsCAg.webp                         [39m[1m[2m 46.31 kB[22m[1m[22m
[2mdist/[22m[32massets/frame_0056-Ds1ejNny.webp                         [39m[1m[2m 46.31 kB[22m[1m[22m
[2mdist/[22m[32massets/frame_0110-HZA2V7SZ.webp                         [39m[1m[2m 46.37 kB[22m[1m[22m
[2mdist/[22m[32massets/frame_0271-Bykcbkfe.webp                         [39m[1m[2m 46.71 kB[22m[1m[22m
[2mdist/[22m[32massets/frame_0057-BDJFj0l1.webp                         [39m[1m[2m 46.89 kB[22m[1m[22m
[2mdist/[22m[32massets/frame_0059-D5CoEns_.webp                         [39m[1m[2m 46.92 kB[22m[1m[22m
[2mdist/[22m[32massets/frame_0060-Da9alvmd.webp                         [39m[1m[2m 47.01 kB[22m[1m[22m
[2mdist/[22m[32massets/frame_0112-CHc8bq5b.webp                         [39m[1m[2m 47.14 kB[22m[1m[22m
[2mdist/[22m[32massets/frame_0113-Bwfndx6c.webp                         [39m[1m[2m 47.21 kB[22m[1m[22m
[2mdist/[22m[32massets/frame_0272-CiVnBINM.webp                         [39m[1m[2m 47.22 kB[22m[1m[22m
[2mdist/[22m[32massets/frame_0061-BSSw7KPv.webp                         [39m[1m[2m 47.71 kB[22m[1m[22m
[2mdist/[22m[32massets/frame_0115-Ds5B_Mcp.webp                         [39m[1m[2m 48.46 kB[22m[1m[22m
[2mdist/[22m[32massets/frame_0114-DreGNxgq.webp                         [39m[1m[2m 48.98 kB[22m[1m[22m
[2mdist/[22m[32massets/frame_0274-BfxFWvXq.webp                         [39m[1m[2m 49.31 kB[22m[1m[22m
[2mdist/[22m[32massets/frame_0273-paDChn_h.webp                         [39m[1m[2m 49.57 kB[22m[1m[22m
[2mdist/[22m[32massets/frame_0117-D227QZny.webp                         [39m[1m[2m 50.33 kB[22m[1m[22m
[2mdist/[22m[32massets/frame_0154-osCHOPtQ.webp                         [39m[1m[2m 50.67 kB[22m[1m[22m
[2mdist/[22m[32massets/frame_0116-BOjqOTfW.webp                         [39m[1m[2m 50.79 kB[22m[1m[22m
[2mdist/[22m[32massets/frame_0191-Dhqr1k6n.webp                         [39m[1m[2m 50.81 kB[22m[1m[22m
[2mdist/[22m[32massets/frame_0276-Du2971kf.webp                         [39m[1m[2m 50.94 kB[22m[1m[22m
[2mdist/[22m[32massets/frame_0275-XtWoK4DQ.webp                         [39m[1m[2m 51.11 kB[22m[1m[22m
[2mdist/[22m[32massets/frame_0189-CK5sfDvg.webp                         [39m[1m[2m 51.11 kB[22m[1m[22m
[2mdist/[22m[32massets/frame_0187-C5uYmr60.webp                         [39m[1m[2m 51.16 kB[22m[1m[22m
[2mdist/[22m[32massets/frame_0193-PUE0hwlc.webp                         [39m[1m[2m 51.21 kB[22m[1m[22m
[2mdist/[22m[32massets/frame_0278-BBhEhGdM.webp                         [39m[1m[2m 51.25 kB[22m[1m[22m
[2mdist/[22m[32massets/frame_0185-DFOMvJc3.webp                         [39m[1m[2m 51.29 kB[22m[1m[22m
[2mdist/[22m[32massets/frame_0280-CISHCd_H.webp                         [39m[1m[2m 51.48 kB[22m[1m[22m
[2mdist/[22m[32massets/frame_0190-BTROXUmJ.webp                         [39m[1m[2m 51.54 kB[22m[1m[22m
[2mdist/[22m[32massets/frame_0277-D8XTIBHG.webp                         [39m[1m[2m 51.55 kB[22m[1m[22m
[2mdist/[22m[32massets/frame_0153-Cm5nzBLq.webp                         [39m[1m[2m 51.74 kB[22m[1m[22m
[2mdist/[22m[32massets/frame_0152-82dNVhVv.webp                         [39m[1m[2m 51.83 kB[22m[1m[22m
[2mdist/[22m[32massets/frame_0118-C7OlbfDq.webp                         [39m[1m[2m 51.86 kB[22m[1m[22m
[2mdist/[22m[32massets/frame_0192-B5MvcwaB.webp                         [39m[1m[2m 51.94 kB[22m[1m[22m
[2mdist/[22m[32massets/frame_0119-GMZDOBkm.webp                         [39m[1m[2m 52.08 kB[22m[1m[22m
[2mdist/[22m[32massets/frame_0156-Di7aY7i3.webp                         [39m[1m[2m 52.11 kB[22m[1m[22m
[2mdist/[22m[32massets/frame_0282-Ca8GA6tz.webp                         [39m[1m[2m 52.13 kB[22m[1m[22m
[2mdist/[22m[32massets/frame_0195-DBqe4P6R.webp                         [39m[1m[2m 52.15 kB[22m[1m[22m
[2mdist/[22m[32massets/frame_0188-DNmyZPBH.webp                         [39m[1m[2m 52.17 kB[22m[1m[22m
[2mdist/[22m[32massets/frame_0158-BaERgt08.webp                         [39m[1m[2m 52.25 kB[22m[1m[22m
[2mdist/[22m[32massets/frame_0194-Bgd1twmB.webp                         [39m[1m[2m 52.29 kB[22m[1m[22m
[2mdist/[22m[32massets/frame_0155-DXKNVGMA.webp                         [39m[1m[2m 52.30 kB[22m[1m[22m
[2mdist/[22m[32massets/frame_0279-CkYpVdj5.webp                         [39m[1m[2m 52.33 kB[22m[1m[22m
[2mdist/[22m[32massets/frame_0284-CWe2MhSv.webp                         [39m[1m[2m 52.42 kB[22m[1m[22m
[2mdist/[22m[32massets/frame_0126-DYxEEiHK.webp                         [39m[1m[2m 52.51 kB[22m[1m[22m
[2mdist/[22m[32massets/frame_0186-s1jfO9Bp.webp                         [39m[1m[2m 52.56 kB[22m[1m[22m
[2mdist/[22m[32massets/frame_0286-DUnLqkJB.webp                         [39m[1m[2m 52.71 kB[22m[1m[22m
[2mdist/[22m[32massets/frame_0281-DaTO5mbh.webp                         [39m[1m[2m 52.76 kB[22m[1m[22m
[2mdist/[22m[32massets/frame_0128-B2t64-9M.webp                         [39m[1m[2m 52.88 kB[22m[1m[22m
[2mdist/[22m[32massets/frame_0121-CevVM9BI.webp                         [39m[1m[2m 52.93 kB[22m[1m[22m
[2mdist/[22m[32massets/frame_0197-DjIEdbHj.webp                         [39m[1m[2m 52.94 kB[22m[1m[22m
[2mdist/[22m[32massets/frame_0288-BoczrJAM.webp                         [39m[1m[2m 52.96 kB[22m[1m[22m
[2mdist/[22m[32massets/frame_0283-DGkRrFs0.webp                         [39m[1m[2m 53.05 kB[22m[1m[22m
[2mdist/[22m[32massets/frame_0157-CKZjxNw1.webp                         [39m[1m[2m 53.14 kB[22m[1m[22m
[2mdist/[22m[32massets/frame_0196-Cbn9K9dV.webp                         [39m[1m[2m 53.14 kB[22m[1m[22m
[2mdist/[22m[32massets/frame_0130-DePfJRLW.webp                         [39m[1m[2m 53.29 kB[22m[1m[22m
[2mdist/[22m[32massets/frame_0120-DPgTh20O.webp                         [39m[1m[2m 53.29 kB[22m[1m[22m
[2mdist/[22m[32massets/frame_0290-tOEyCR8A.webp                         [39m[1m[2m 53.30 kB[22m[1m[22m
[2mdist/[22m[32massets/frame_0184-Cl5pkEd-.webp                         [39m[1m[2m 53.38 kB[22m[1m[22m
[2mdist/[22m[32massets/frame_0150-CBnWeDY4.webp                         [39m[1m[2m 53.40 kB[22m[1m[22m
[2mdist/[22m[32massets/frame_0287-DnUNFJPW.webp                         [39m[1m[2m 53.41 kB[22m[1m[22m
[2mdist/[22m[32massets/frame_0294-BTKlwaqH.webp                         [39m[1m[2m 53.47 kB[22m[1m[22m
[2mdist/[22m[32massets/frame_0160-BWEOnQlm.webp                         [39m[1m[2m 53.48 kB[22m[1m[22m
[2mdist/[22m[32massets/frame_0285-FgOzSdqs.webp                         [39m[1m[2m 53.54 kB[22m[1m[22m
[2mdist/[22m[32massets/frame_0292-fMItAdRO.webp                         [39m[1m[2m 53.61 kB[22m[1m[22m
[2mdist/[22m[32massets/frame_0124-YzsIAl66.webp                         [39m[1m[2m 53.82 kB[22m[1m[22m
[2mdist/[22m[32massets/frame_0159-BEGKvQFX.webp                         [39m[1m[2m 53.90 kB[22m[1m[22m
[2mdist/[22m[32massets/frame_0199-lh38yf-v.webp                         [39m[1m[2m 53.92 kB[22m[1m[22m
[2mdist/[22m[32massets/frame_0296-D3mwF-p3.webp                         [39m[1m[2m 53.93 kB[22m[1m[22m
[2mdist/[22m[32massets/frame_0289-8NdGGpVI.webp                         [39m[1m[2m 53.95 kB[22m[1m[22m
[2mdist/[22m[32massets/frame_0129-DIeOqjIS.webp                         [39m[1m[2m 53.96 kB[22m[1m[22m
[2mdist/[22m[32massets/frame_0127-CWexN8Ay.webp                         [39m[1m[2m 54.05 kB[22m[1m[22m
[2mdist/[22m[32massets/frame_0151-De0L5ECx.webp                         [39m[1m[2m 54.06 kB[22m[1m[22m
[2mdist/[22m[32massets/frame_0132-4s2ATlnO.webp                         [39m[1m[2m 54.09 kB[22m[1m[22m
[2mdist/[22m[32massets/frame_0293-_zb2Z0EN.webp                         [39m[1m[2m 54.16 kB[22m[1m[22m
[2mdist/[22m[32massets/frame_0295-BUA_HG8F.webp                         [39m[1m[2m 54.28 kB[22m[1m[22m
[2mdist/[22m[32massets/frame_0298-CxcThcrf.webp                         [39m[1m[2m 54.32 kB[22m[1m[22m
[2mdist/[22m[32massets/frame_0291-s72pMuj7.webp                         [39m[1m[2m 54.43 kB[22m[1m[22m
[2mdist/[22m[32massets/frame_0134-38Xx9U9R.webp                         [39m[1m[2m 54.48 kB[22m[1m[22m
[2mdist/[22m[32massets/frame_0198-Bp02NpRj.webp                         [39m[1m[2m 54.50 kB[22m[1m[22m
[2mdist/[22m[32massets/frame_0300-BiHGFXdk.webp                         [39m[1m[2m 54.51 kB[22m[1m[22m
[2mdist/[22m[32massets/frame_0138-DqYN8hBT.webp                         [39m[1m[2m 54.52 kB[22m[1m[22m
[2mdist/[22m[32massets/frame_0302-CFmXcD8e.webp                         [39m[1m[2m 54.55 kB[22m[1m[22m
[2mdist/[22m[32massets/frame_0131-DR6E17ah.webp                         [39m[1m[2m 54.65 kB[22m[1m[22m
[2mdist/[22m[32massets/frame_0162-BVuj-b8d.webp                         [39m[1m[2m 54.67 kB[22m[1m[22m
[2mdist/[22m[32massets/frame_0125-U0LXe2qc.webp                         [39m[1m[2m 54.71 kB[22m[1m[22m
[2mdist/[22m[32massets/frame_0161-CHmPRk7O.webp                         [39m[1m[2m 54.74 kB[22m[1m[22m
[2mdist/[22m[32massets/frame_0304-CcggD_P4.webp                         [39m[1m[2m 54.98 kB[22m[1m[22m
[2mdist/[22m[32massets/frame_0297-CFqG_dyY.webp                         [39m[1m[2m 55.00 kB[22m[1m[22m
[2mdist/[22m[32massets/frame_0301-C9BksgKH.webp                         [39m[1m[2m 55.20 kB[22m[1m[22m
[2mdist/[22m[32massets/frame_0136-T2p_9BdQ.webp                         [39m[1m[2m 55.25 kB[22m[1m[22m
[2mdist/[22m[32massets/frame_0299-BL4oUjWA.webp                         [39m[1m[2m 55.26 kB[22m[1m[22m
[2mdist/[22m[32massets/frame_0305-peC6UCyt.webp                         [39m[1m[2m 55.27 kB[22m[1m[22m
[2mdist/[22m[32massets/frame_0133-rh5uWbKR.webp                         [39m[1m[2m 55.31 kB[22m[1m[22m
[2mdist/[22m[32massets/frame_0122-FthLZnj2.webp                         [39m[1m[2m 55.33 kB[22m[1m[22m
[2mdist/[22m[32massets/frame_0148-ime97TLx.webp                         [39m[1m[2m 55.34 kB[22m[1m[22m
[2mdist/[22m[32massets/frame_0303-O9875e7b.webp                         [39m[1m[2m 55.53 kB[22m[1m[22m
[2mdist/[22m[32massets/frame_0123-DO8N9oei.webp                         [39m[1m[2m 55.61 kB[22m[1m[22m
[2mdist/[22m[32massets/frame_0201-C3horg8s.webp                         [39m[1m[2m 55.73 kB[22m[1m[22m
[2mdist/[22m[32massets/frame_0163-CaIKNJaK.webp                         [39m[1m[2m 55.93 kB[22m[1m[22m
[2mdist/[22m[32massets/frame_0142-Cr2Ps--t.webp                         [39m[1m[2m 56.05 kB[22m[1m[22m
[2mdist/[22m[32massets/frame_0164-CPMw9G71.webp                         [39m[1m[2m 56.05 kB[22m[1m[22m
[2mdist/[22m[32massets/frame_0135-BzKDxMJE.webp                         [39m[1m[2m 56.10 kB[22m[1m[22m
[2mdist/[22m[32massets/frame_0140-D53LRWkO.webp                         [39m[1m[2m 56.10 kB[22m[1m[22m
[2mdist/[22m[32massets/frame_0200-CBXh7ehE.webp                         [39m[1m[2m 56.15 kB[22m[1m[22m
[2mdist/[22m[32massets/frame_0137-CNglGbr-.webp                         [39m[1m[2m 56.50 kB[22m[1m[22m
[2mdist/[22m[32massets/frame_0146-DvmsVQui.webp                         [39m[1m[2m 56.75 kB[22m[1m[22m
[2mdist/[22m[32massets/frame_0144-9G3FozF_.webp                         [39m[1m[2m 56.92 kB[22m[1m[22m
[2mdist/[22m[32massets/frame_0166-MWl50jLJ.webp                         [39m[1m[2m 56.98 kB[22m[1m[22m
[2mdist/[22m[32massets/frame_0139-DnNHenlw.webp                         [39m[1m[2m 57.00 kB[22m[1m[22m
[2mdist/[22m[32massets/frame_0165-Cu7GCJxt.webp                         [39m[1m[2m 57.16 kB[22m[1m[22m
[2mdist/[22m[32massets/frame_0149-YJ5OG1cE.webp                         [39m[1m[2m 57.36 kB[22m[1m[22m
[2mdist/[22m[32massets/frame_0203-Bk5FaBS4.webp                         [39m[1m[2m 57.43 kB[22m[1m[22m
[2mdist/[22m[32massets/frame_0143-B4nfQNui.webp                         [39m[1m[2m 57.69 kB[22m[1m[22m
[2mdist/[22m[32massets/frame_0202-Bzg2OLk5.webp                         [39m[1m[2m 57.69 kB[22m[1m[22m
[2mdist/[22m[32massets/frame_0141-Cn4shpPL.webp                         [39m[1m[2m 57.93 kB[22m[1m[22m
[2mdist/[22m[32massets/frame_0168-CwEhynXN.webp                         [39m[1m[2m 58.24 kB[22m[1m[22m
[2mdist/[22m[32massets/frame_0167-77eCjEou.webp                         [39m[1m[2m 58.46 kB[22m[1m[22m
[2mdist/[22m[32massets/vision-BF_7aOsz.png                              [39m[1m[2m 58.68 kB[22m[1m[22m
[2mdist/[22m[32massets/frame_0147-CpXo-fli.webp                         [39m[1m[2m 58.74 kB[22m[1m[22m
[2mdist/[22m[32massets/frame_0145-Bn9obuDX.webp                         [39m[1m[2m 58.89 kB[22m[1m[22m
[2mdist/[22m[32massets/frame_0204-0C5NI09r.webp                         [39m[1m[2m 59.86 kB[22m[1m[22m
[2mdist/[22m[32massets/frame_0170-CAarwJjn.webp                         [39m[1m[2m 59.96 kB[22m[1m[22m
[2mdist/[22m[32massets/frame_0205-CRP0UlB0.webp                         [39m[1m[2m 60.20 kB[22m[1m[22m
[2mdist/[22m[32massets/frame_0169-D6G0PYom.webp                         [39m[1m[2m 60.42 kB[22m[1m[22m
[2mdist/[22m[32massets/frame_0172-Bq3JEcbq.webp                         [39m[1m[2m 61.25 kB[22m[1m[22m
[2mdist/[22m[32massets/frame_0171-CGyKkoo3.webp                         [39m[1m[2m 61.49 kB[22m[1m[22m
[2mdist/[22m[32massets/frame_0174-CSEirmrw.webp                         [39m[1m[2m 62.66 kB[22m[1m[22m
[2mdist/[22m[32massets/frame_0173-WF6htPH8.webp                         [39m[1m[2m 62.79 kB[22m[1m[22m
[2mdist/[22m[32massets/frame_0207-DBPdBzkn.webp                         [39m[1m[2m 62.90 kB[22m[1m[22m
[2mdist/[22m[32massets/frame_0206-Lw9zG4zz.webp                         [39m[1m[2m 63.22 kB[22m[1m[22m
[2mdist/[22m[32massets/frame_0176-yvLp_jTr.webp                         [39m[1m[2m 64.04 kB[22m[1m[22m
[2mdist/[22m[32massets/frame_0175-WWOqZFxh.webp                         [39m[1m[2m 64.10 kB[22m[1m[22m
[2mdist/[22m[32massets/frame_0178-CS1gHUJi.webp                         [39m[1m[2m 65.63 kB[22m[1m[22m
[2mdist/[22m[32massets/frame_0030-CRvYM6mj.webp                         [39m[1m[2m 65.67 kB[22m[1m[22m
[2mdist/[22m[32massets/frame_0177-C7ZVY-9K.webp                         [39m[1m[2m 66.11 kB[22m[1m[22m
[2mdist/[22m[32massets/frame_0208-C6OPz4m3.webp                         [39m[1m[2m 66.60 kB[22m[1m[22m
[2mdist/[22m[32massets/frame_0026-idgrZgI7.webp                         [39m[1m[2m 66.78 kB[22m[1m[22m
[2mdist/[22m[32massets/frame_0031-CrhVd8zU.webp                         [39m[1m[2m 66.82 kB[22m[1m[22m
[2mdist/[22m[32massets/frame_0209-BuRNbAhT.webp                         [39m[1m[2m 66.96 kB[22m[1m[22m
[2mdist/[22m[32massets/frame_0180-CVK0J8IU.webp                         [39m[1m[2m 67.11 kB[22m[1m[22m
[2mdist/[22m[32massets/frame_0027-CZjAE2r7.webp                         [39m[1m[2m 67.24 kB[22m[1m[22m
[2mdist/[22m[32massets/frame_0179-CEzUw9gU.webp                         [39m[1m[2m 67.49 kB[22m[1m[22m
[2mdist/[22m[32massets/frame_0022-mfFt3PZ7.webp                         [39m[1m[2m 67.65 kB[22m[1m[22m
[2mdist/[22m[32massets/frame_0028-2GQZYDS1.webp                         [39m[1m[2m 67.83 kB[22m[1m[22m
[2mdist/[22m[32massets/frame_0024-z4jHj3KC.webp                         [39m[1m[2m 68.15 kB[22m[1m[22m
[2mdist/[22m[32massets/frame_0023-Cbbirjmq.webp                         [39m[1m[2m 68.83 kB[22m[1m[22m
[2mdist/[22m[32massets/frame_0032-CNGx8RTW.webp                         [39m[1m[2m 68.95 kB[22m[1m[22m
[2mdist/[22m[32massets/frame_0182-JozFlxgd.webp                         [39m[1m[2m 69.18 kB[22m[1m[22m
[2mdist/[22m[32massets/frame_0181-BCmSGXYl.webp                         [39m[1m[2m 69.29 kB[22m[1m[22m
[2mdist/[22m[32massets/frame_0034-CR9cQ1cr.webp                         [39m[1m[2m 69.58 kB[22m[1m[22m
[2mdist/[22m[32massets/frame_0029-B_5xekT8.webp                         [39m[1m[2m 70.77 kB[22m[1m[22m
[2mdist/[22m[32massets/frame_0020-CCt6YEX4.webp                         [39m[1m[2m 71.24 kB[22m[1m[22m
[2mdist/[22m[32massets/frame_0183-DToyCpYZ.webp                         [39m[1m[2m 71.24 kB[22m[1m[22m
[2mdist/[22m[32massets/frame_0025-CDAFHRUm.webp                         [39m[1m[2m 71.28 kB[22m[1m[22m
[2mdist/[22m[32massets/frame_0210-VKohLeCP.webp                         [39m[1m[2m 71.78 kB[22m[1m[22m
[2mdist/[22m[32massets/frame_0018-Cbp_Ui50.webp                         [39m[1m[2m 72.04 kB[22m[1m[22m
[2mdist/[22m[32massets/frame_0211-BCgOm4PZ.webp                         [39m[1m[2m 72.31 kB[22m[1m[22m
[2mdist/[22m[32massets/frame_0019-CC5mt2wi.webp                         [39m[1m[2m 72.41 kB[22m[1m[22m
[2mdist/[22m[32massets/frame_0035-BlssCGNn.webp                         [39m[1m[2m 72.56 kB[22m[1m[22m
[2mdist/[22m[32massets/frame_0033-C9Mf4pr0.webp                         [39m[1m[2m 72.76 kB[22m[1m[22m
[2mdist/[22m[32massets/frame_0021-bOb6jB_2.webp                         [39m[1m[2m 73.53 kB[22m[1m[22m
[2mdist/[22m[32massets/frame_0016-A4XbTSqb.webp                         [39m[1m[2m 75.85 kB[22m[1m[22m
[2mdist/[22m[32massets/frame_0014-CtQzhU4I.webp                         [39m[1m[2m 76.06 kB[22m[1m[22m
[2mdist/[22m[32massets/frame_0015-BQQgnHw1.webp                         [39m[1m[2m 76.50 kB[22m[1m[22m
[2mdist/[22m[32massets/frame_0036-BQNOnNc9.webp                         [39m[1m[2m 76.60 kB[22m[1m[22m
[2mdist/[22m[32massets/frame_0212-CPL-wwi_.webp                         [39m[1m[2m 77.39 kB[22m[1m[22m
[2mdist/[22m[32massets/frame_0213-G4Ltisvr.webp                         [39m[1m[2m 78.20 kB[22m[1m[22m
[2mdist/[22m[32massets/frame_0321-wlUoppd9.webp                         [39m[1m[2m 78.30 kB[22m[1m[22m
[2mdist/[22m[32massets/frame_0017-CMhdj_iH.webp                         [39m[1m[2m 78.33 kB[22m[1m[22m
[2mdist/[22m[32massets/frame_0012-BzqzLCnS.webp                         [39m[1m[2m 78.65 kB[22m[1m[22m
[2mdist/[22m[32massets/frame_0010-WOuwUxVa.webp                         [39m[1m[2m 79.13 kB[22m[1m[22m
[2mdist/[22m[32massets/frame_0319-ZQ9-ZpU1.webp                         [39m[1m[2m 79.28 kB[22m[1m[22m
[2mdist/[22m[32massets/frame_0011-B1Rufh1n.webp                         [39m[1m[2m 79.97 kB[22m[1m[22m
[2mdist/[22m[32massets/frame_0038-xSVY4U3z.webp                         [39m[1m[2m 80.39 kB[22m[1m[22m
[2mdist/[22m[32massets/frame_0030-DkTTkEIU.webp                         [39m[1m[2m 80.41 kB[22m[1m[22m
[2mdist/[22m[32massets/frame_0008-CswWRfaU.webp                         [39m[1m[2m 80.62 kB[22m[1m[22m
[2mdist/[22m[32massets/frame_0317-CrzwLRYv.webp                         [39m[1m[2m 80.72 kB[22m[1m[22m
[2mdist/[22m[32massets/frame_0006-LITAdyfu.webp                         [39m[1m[2m 81.20 kB[22m[1m[22m
[2mdist/[22m[32massets/frame_0031-BiaObaK5.webp                         [39m[1m[2m 81.35 kB[22m[1m[22m
[2mdist/[22m[32massets/frame_0026-BglrtS1u.webp                         [39m[1m[2m 81.86 kB[22m[1m[22m
[2mdist/[22m[32massets/frame_0007-B-opGCpD.webp                         [39m[1m[2m 81.95 kB[22m[1m[22m
[2mdist/[22m[32massets/frame_0013-Dq1FIXd3.webp                         [39m[1m[2m 81.97 kB[22m[1m[22m
[2mdist/[22m[32massets/frame_0027-t5xptOkv.webp                         [39m[1m[2m 82.40 kB[22m[1m[22m
[2mdist/[22m[32massets/frame_0320-sqm7p7Y7.webp                         [39m[1m[2m 82.73 kB[22m[1m[22m
[2mdist/[22m[32massets/frame_0022-BTTl6LV8.webp                         [39m[1m[2m 82.78 kB[22m[1m[22m
[2mdist/[22m[32massets/frame_0037-ZTLJzWNT.webp                         [39m[1m[2m 82.89 kB[22m[1m[22m
[2mdist/[22m[32massets/frame_0028-CFtA6iLr.webp                         [39m[1m[2m 83.01 kB[22m[1m[22m
[2mdist/[22m[32massets/frame_0024-C6vp0ZZ9.webp                         [39m[1m[2m 83.39 kB[22m[1m[22m
[2mdist/[22m[32massets/frame_0318-DragkpKo.webp                         [39m[1m[2m 83.56 kB[22m[1m[22m
[2mdist/[22m[32massets/frame_0004-BhzO-82q.webp                         [39m[1m[2m 83.73 kB[22m[1m[22m
[2mdist/[22m[32massets/frame_0023-BlB4xmZ6.webp                         [39m[1m[2m 83.79 kB[22m[1m[22m
[2mdist/[22m[32massets/frame_0039-styk054l.webp                         [39m[1m[2m 84.09 kB[22m[1m[22m
[2mdist/[22m[32massets/frame_0032-Biwg1YCk.webp                         [39m[1m[2m 84.24 kB[22m[1m[22m
[2mdist/[22m[32massets/frame_0214-CRQjlvWu.webp                         [39m[1m[2m 84.30 kB[22m[1m[22m
[2mdist/[22m[32massets/frame_0002-C7SbU3fr.webp                         [39m[1m[2m 84.71 kB[22m[1m[22m
[2mdist/[22m[32massets/frame_0322-GN9J8nle.webp                         [39m[1m[2m 84.84 kB[22m[1m[22m
[2mdist/[22m[32massets/frame_0009-DY45q5Xe.webp                         [39m[1m[2m 85.02 kB[22m[1m[22m
[2mdist/[22m[32massets/frame_0215-ChfoHnXb.webp                         [39m[1m[2m 85.17 kB[22m[1m[22m
[2mdist/[22m[32massets/frame_0315-yQVFaB2F.webp                         [39m[1m[2m 85.20 kB[22m[1m[22m
[2mdist/[22m[32massets/frame_0323-pT7Nrfb5.webp                         [39m[1m[2m 85.22 kB[22m[1m[22m
[2mdist/[22m[32massets/frame_0003-CJsTH2H_.webp                         [39m[1m[2m 85.44 kB[22m[1m[22m
[2mdist/[22m[32massets/frame_0029-CRRM3Zk-.webp                         [39m[1m[2m 85.80 kB[22m[1m[22m
[2mdist/[22m[32massets/frame_0316-CeKqYGsK.webp                         [39m[1m[2m 85.92 kB[22m[1m[22m
[2mdist/[22m[32massets/frame_0034-K2vQd6w2.webp                         [39m[1m[2m 86.07 kB[22m[1m[22m
[2mdist/[22m[32massets/frame_0025-DuGjC0sh.webp                         [39m[1m[2m 86.70 kB[22m[1m[22m
[2mdist/[22m[32massets/frame_0005-iFDPnGnU.webp                         [39m[1m[2m 87.09 kB[22m[1m[22m
[2mdist/[22m[32massets/frame_0040-CPiDa4HA.webp                         [39m[1m[2m 87.09 kB[22m[1m[22m
[2mdist/[22m[32massets/frame_0062-D3x3WQgQ.webp                         [39m[1m[2m 87.11 kB[22m[1m[22m
[2mdist/[22m[32massets/frame_0058-Brc42D50.webp                         [39m[1m[2m 87.16 kB[22m[1m[22m
[2mdist/[22m[32massets/frame_0020-B0JxBhyD.webp                         [39m[1m[2m 87.20 kB[22m[1m[22m
[2mdist/[22m[32massets/frame_0019-D5ZdrKD7.webp                         [39m[1m[2m 88.15 kB[22m[1m[22m
[2mdist/[22m[32massets/frame_0018-CT3vSlfX.webp                         [39m[1m[2m 88.21 kB[22m[1m[22m
[2mdist/[22m[32massets/frame_0033-CEebCwhT.webp                         [39m[1m[2m 88.56 kB[22m[1m[22m
[2mdist/[22m[32massets/frame_0035-QGDk9DQj.webp                         [39m[1m[2m 88.68 kB[22m[1m[22m
[2mdist/[22m[32massets/frame_0060-DGmrrqGH.webp                         [39m[1m[2m 88.68 kB[22m[1m[22m
[2mdist/[22m[32massets/frame_0059-BdZzFhRu.webp                         [39m[1m[2m 88.95 kB[22m[1m[22m
[2mdist/[22m[32massets/frame_0021-DP4ZITMD.webp                         [39m[1m[2m 89.21 kB[22m[1m[22m
[2mdist/[22m[32massets/frame_0063-CCqAMpWX.webp                         [39m[1m[2m 89.27 kB[22m[1m[22m
[2mdist/[22m[32massets/frame_0064-D-uo2P4E.webp                         [39m[1m[2m 89.29 kB[22m[1m[22m
[2mdist/[22m[32massets/frame_0042-DY9Q6-L6.webp                         [39m[1m[2m 89.30 kB[22m[1m[22m
[2mdist/[22m[32massets/frame_0313-CwVwQGi9.webp                         [39m[1m[2m 89.70 kB[22m[1m[22m
[2mdist/[22m[32massets/frame_0054-BC0EUXCo.webp                         [39m[1m[2m 89.85 kB[22m[1m[22m
[2mdist/[22m[32massets/frame_0001-CAjta7GX.webp                         [39m[1m[2m 89.86 kB[22m[1m[22m
[2mdist/[22m[32massets/frame_0046-CQOvLMtH.webp                         [39m[1m[2m 89.98 kB[22m[1m[22m
[2mdist/[22m[32massets/frame_0066-B62orbFC.webp                         [39m[1m[2m 90.05 kB[22m[1m[22m
[2mdist/[22m[32massets/frame_0216-sKaxfZ1n.webp                         [39m[1m[2m 90.06 kB[22m[1m[22m
[2mdist/[22m[32massets/frame_0056-KCS0Nucl.webp                         [39m[1m[2m 90.07 kB[22m[1m[22m
[2mdist/[22m[32massets/frame_0050-B35jOSUw.webp                         [39m[1m[2m 90.42 kB[22m[1m[22m
[2mdist/[22m[32massets/frame_0043-BFSd87no.webp                         [39m[1m[2m 90.64 kB[22m[1m[22m
[2mdist/[22m[32massets/frame_0217-D96eAOss.webp                         [39m[1m[2m 90.70 kB[22m[1m[22m
[2mdist/[22m[32massets/frame_0055-BYfnu2Qp.webp                         [39m[1m[2m 90.92 kB[22m[1m[22m
[2mdist/[22m[32massets/frame_0314-BV1Uudza.webp                         [39m[1m[2m 91.40 kB[22m[1m[22m
[2mdist/[22m[32massets/frame_0052-Bj8x8-8Q.webp                         [39m[1m[2m 91.74 kB[22m[1m[22m
[2mdist/[22m[32massets/frame_0051-Bh9W6NaU.webp                         [39m[1m[2m 91.79 kB[22m[1m[22m
[2mdist/[22m[32massets/frame_0047-DE3IPCs7.webp                         [39m[1m[2m 91.85 kB[22m[1m[22m
[2mdist/[22m[32massets/frame_0068-C0MqeObX.webp                         [39m[1m[2m 91.99 kB[22m[1m[22m
[2mdist/[22m[32massets/frame_0048-CF02TY4x.webp                         [39m[1m[2m 92.12 kB[22m[1m[22m
[2mdist/[22m[32massets/frame_0044-DLMg4aeF.webp                         [39m[1m[2m 92.18 kB[22m[1m[22m
[2mdist/[22m[32massets/frame_0067-D9fnq5qx.webp                         [39m[1m[2m 92.20 kB[22m[1m[22m
[2mdist/[22m[32massets/frame_0016-DclE-4_s.webp                         [39m[1m[2m 92.58 kB[22m[1m[22m
[2mdist/[22m[32massets/frame_0070-Czw1kWh9.webp                         [39m[1m[2m 93.02 kB[22m[1m[22m
[2mdist/[22m[32massets/frame_0014-DA6RwyKc.webp                         [39m[1m[2m 93.06 kB[22m[1m[22m
[2mdist/[22m[32massets/frame_0015-CWtjjCj_.webp                         [39m[1m[2m 93.13 kB[22m[1m[22m
[2mdist/[22m[32massets/frame_0036-DOXxYwYN.webp                         [39m[1m[2m 93.60 kB[22m[1m[22m
[2mdist/[22m[32massets/frame_0311-DGHYJkR-.webp                         [39m[1m[2m 93.93 kB[22m[1m[22m
[2mdist/[22m[32massets/frame_0057-Cgn86Rl8.webp                         [39m[1m[2m 93.95 kB[22m[1m[22m
[2mdist/[22m[32massets/frame_0041-DMDvLY1Y.webp                         [39m[1m[2m 94.11 kB[22m[1m[22m
[2mdist/[22m[32massets/frame_0061-D6KtdDeh.webp                         [39m[1m[2m 94.34 kB[22m[1m[22m
[2mdist/[22m[32massets/frame_0246-Dbz2w7hs.webp                         [39m[1m[2m 94.73 kB[22m[1m[22m
[2mdist/[22m[32massets/frame_0017-SPfuqcMb.webp                         [39m[1m[2m 94.80 kB[22m[1m[22m
[2mdist/[22m[32massets/frame_0071-BSqLZzWt.webp                         [39m[1m[2m 95.02 kB[22m[1m[22m
[2mdist/[22m[32massets/frame_0072-B7nQCKWG.webp                         [39m[1m[2m 95.43 kB[22m[1m[22m
[2mdist/[22m[32massets/frame_0248-C3I11wYV.webp                         [39m[1m[2m 95.51 kB[22m[1m[22m
[2mdist/[22m[32massets/frame_0065-DxGLHAtG.webp                         [39m[1m[2m 95.65 kB[22m[1m[22m
[2mdist/[22m[32massets/frame_0312-Dx1Zdimb.webp                         [39m[1m[2m 95.86 kB[22m[1m[22m
[2mdist/[22m[32massets/frame_0045-3gu0HqSc.webp                         [39m[1m[2m 96.23 kB[22m[1m[22m
[2mdist/[22m[32massets/frame_0218-DcdxmOrW.webp                         [39m[1m[2m 96.26 kB[22m[1m[22m
[2mdist/[22m[32massets/frame_0053-CW-b_mXg.webp                         [39m[1m[2m 96.28 kB[22m[1m[22m
[2mdist/[22m[32massets/frame_0012-51Pty1sL.webp                         [39m[1m[2m 96.34 kB[22m[1m[22m
[2mdist/[22m[32massets/frame_0324-DBVmZdEI.webp                         [39m[1m[2m 96.40 kB[22m[1m[22m
[2mdist/[22m[32massets/frame_0010-B96Z7vGi.webp                         [39m[1m[2m 96.67 kB[22m[1m[22m
[2mdist/[22m[32massets/frame_0309-BIpEhj1_.webp                         [39m[1m[2m 96.71 kB[22m[1m[22m
[2mdist/[22m[32massets/frame_0219-D4KDZyQz.webp                         [39m[1m[2m 97.09 kB[22m[1m[22m
[2mdist/[22m[32massets/frame_0074-Cx4PaknS.webp                         [39m[1m[2m 97.24 kB[22m[1m[22m
[2mdist/[22m[32massets/frame_0250-CYF_pPhl.webp                         [39m[1m[2m 97.27 kB[22m[1m[22m
[2mdist/[22m[32massets/frame_0049-DmwHXMXs.webp                         [39m[1m[2m 97.39 kB[22m[1m[22m
[2mdist/[22m[32massets/frame_0011-CWkS2gwQ.webp                         [39m[1m[2m 97.71 kB[22m[1m[22m
[2mdist/[22m[32massets/frame_0069-pvnTYwX8.webp                         [39m[1m[2m 98.36 kB[22m[1m[22m
[2mdist/[22m[32massets/frame_0247-CJxVyOpA.webp                         [39m[1m[2m 98.46 kB[22m[1m[22m
[2mdist/[22m[32massets/frame_0038-C7sMSHLI.webp                         [39m[1m[2m 98.76 kB[22m[1m[22m
[2mdist/[22m[32massets/frame_0008-CORusz2J.webp                         [39m[1m[2m 98.88 kB[22m[1m[22m
[2mdist/[22m[32massets/frame_0013-DeS4rcI3.webp                         [39m[1m[2m 99.39 kB[22m[1m[22m
[2mdist/[22m[32massets/frame_0245-BMq4Tf1i.webp                         [39m[1m[2m 99.43 kB[22m[1m[22m
[2mdist/[22m[32massets/frame_0252-B0kxcEnc.webp                         [39m[1m[2m 99.69 kB[22m[1m[22m
[2mdist/[22m[32massets/frame_0006-BTSX5xXE.webp                         [39m[1m[2m100.02 kB[22m[1m[22m
[2mdist/[22m[32massets/frame_0325-CVqzy11U.webp                         [39m[1m[2m100.03 kB[22m[1m[22m
[2mdist/[22m[32massets/frame_0249-R4C-MmoK.webp                         [39m[1m[2m100.20 kB[22m[1m[22m
[2mdist/[22m[32massets/frame_0310-Iy2uBcPg.webp                         [39m[1m[2m100.24 kB[22m[1m[22m
[2mdist/[22m[32massets/frame_0037-gooEYyzK.webp                         [39m[1m[2m100.25 kB[22m[1m[22m
[2mdist/[22m[32massets/frame_0007-CC5Pnf4B.webp                         [39m[1m[2m100.74 kB[22m[1m[22m
[2mdist/[22m[32massets/frame_0076-MZPZ_Dmm.webp                         [39m[1m[2m101.38 kB[22m[1m[22m
[2mdist/[22m[32massets/frame_0075-UykqfPgl.webp                         [39m[1m[2m101.54 kB[22m[1m[22m
[2mdist/[22m[32massets/frame_0251-C3Q_kCyJ.webp                         [39m[1m[2m101.88 kB[22m[1m[22m
[2mdist/[22m[32massets/frame_0307-Exx-96j8.webp                         [39m[1m[2m102.09 kB[22m[1m[22m
[2mdist/[22m[32massets/frame_0073-DbPdoGmd.webp                         [39m[1m[2m102.52 kB[22m[1m[22m
[2mdist/[22m[32massets/frame_0254-B-7_1hYn.webp                         [39m[1m[2m102.75 kB[22m[1m[22m
[2mdist/[22m[32massets/frame_0221-Bk3KYB4V.webp                         [39m[1m[2m102.79 kB[22m[1m[22m
[2mdist/[22m[32massets/frame_0039-DitJDsri.webp                         [39m[1m[2m102.95 kB[22m[1m[22m
[2mdist/[22m[32massets/frame_0004-C1jzbQxi.webp                         [39m[1m[2m103.45 kB[22m[1m[22m
[2mdist/[22m[32massets/frame_0009-Cvo9zZnV.webp                         [39m[1m[2m103.64 kB[22m[1m[22m
[2mdist/[22m[32massets/frame_0220-D7SAm7Fo.webp                         [39m[1m[2m103.64 kB[22m[1m[22m
[2mdist/[22m[32massets/frame_0078-CQqt9FxO.webp                         [39m[1m[2m103.66 kB[22m[1m[22m
[2mdist/[22m[32massets/frame_0308-Bdr0EsB5.webp                         [39m[1m[2m103.80 kB[22m[1m[22m
[2mdist/[22m[32massets/frame_0253-DOPWJmyp.webp                         [39m[1m[2m104.30 kB[22m[1m[22m
[2mdist/[22m[32massets/frame_0002-C8wGzGyx.webp                         [39m[1m[2m105.23 kB[22m[1m[22m
[2mdist/[22m[32massets/frame_0335-J80tHg9d.webp                         [39m[1m[2m105.39 kB[22m[1m[22m
[2mdist/[22m[32massets/frame_0003-B1znTbHg.webp                         [39m[1m[2m105.64 kB[22m[1m[22m
[2mdist/[22m[32massets/frame_0256-_TQ0EKRT.webp                         [39m[1m[2m105.64 kB[22m[1m[22m
[2mdist/[22m[32massets/frame_0223-DO3XivIN.webp                         [39m[1m[2m105.68 kB[22m[1m[22m
[2mdist/[22m[32massets/frame_0080-BQWN-T6Q.webp                         [39m[1m[2m105.75 kB[22m[1m[22m
[2mdist/[22m[32massets/frame_0337-CGmpiRkt.webp                         [39m[1m[2m105.97 kB[22m[1m[22m
[2mdist/[22m[32massets/frame_0079-COCMSQH_.webp                         [39m[1m[2m106.04 kB[22m[1m[22m
[2mdist/[22m[32massets/frame_0040-BG1C0EdA.webp                         [39m[1m[2m106.07 kB[22m[1m[22m
[2mdist/[22m[32massets/frame_0082-fCMLhwZ-.webp                         [39m[1m[2m106.36 kB[22m[1m[22m
[2mdist/[22m[32massets/frame_0333-u-xHul7j.webp                         [39m[1m[2m106.41 kB[22m[1m[22m
[2mdist/[22m[32massets/frame_0062-P5OQEewz.webp                         [39m[1m[2m106.71 kB[22m[1m[22m
[2mdist/[22m[32massets/frame_0222-ukcvi-Dw.webp                         [39m[1m[2m106.84 kB[22m[1m[22m
[2mdist/[22m[32massets/frame_0005-21n4Vm-L.webp                         [39m[1m[2m107.34 kB[22m[1m[22m
[2mdist/[22m[32massets/frame_0058-BVi5DWmY.webp                         [39m[1m[2m107.36 kB[22m[1m[22m
[2mdist/[22m[32massets/frame_0255-k4cObJL8.webp                         [39m[1m[2m108.01 kB[22m[1m[22m
[2mdist/[22m[32massets/frame_0060-D8j7RrPZ.webp                         [39m[1m[2m108.33 kB[22m[1m[22m
[2mdist/[22m[32massets/frame_0258-CSr2M4V5.webp                         [39m[1m[2m108.40 kB[22m[1m[22m
[2mdist/[22m[32massets/frame_0225-CteAFvzO.webp                         [39m[1m[2m108.50 kB[22m[1m[22m
[2mdist/[22m[32massets/frame_0329-DFtI5B-e.webp                         [39m[1m[2m108.73 kB[22m[1m[22m
[2mdist/[22m[32massets/frame_0327-DK3ICz-m.webp                         [39m[1m[2m108.74 kB[22m[1m[22m
[2mdist/[22m[32massets/frame_0086-Ci9UZ3qu.webp                         [39m[1m[2m108.77 kB[22m[1m[22m
[2mdist/[22m[32massets/frame_0084-DP5LChJy.webp                         [39m[1m[2m108.81 kB[22m[1m[22m
[2mdist/[22m[32massets/frame_0042-CuEIdtCf.webp                         [39m[1m[2m108.86 kB[22m[1m[22m
[2mdist/[22m[32massets/frame_0064-DA2Vfzyg.webp                         [39m[1m[2m109.03 kB[22m[1m[22m
[2mdist/[22m[32massets/frame_0077-DXE3uZSR.webp                         [39m[1m[2m109.12 kB[22m[1m[22m
[2mdist/[22m[32massets/frame_0059-BhGcSHeC.webp                         [39m[1m[2m109.44 kB[22m[1m[22m
[2mdist/[22m[32massets/frame_0083-BTsJj8sG.webp                         [39m[1m[2m109.54 kB[22m[1m[22m
[2mdist/[22m[32massets/frame_0054-D3-0Q0Db.webp                         [39m[1m[2m109.67 kB[22m[1m[22m
[2mdist/[22m[32massets/frame_0063-kNi6e-2H.webp                         [39m[1m[2m109.90 kB[22m[1m[22m
[2mdist/[22m[32massets/frame_0306-WIcEkhAP.webp                         [39m[1m[2m109.95 kB[22m[1m[22m
[2mdist/[22m[32massets/frame_0339-BvNJf_SP.webp                         [39m[1m[2m109.98 kB[22m[1m[22m
[2mdist/[22m[32massets/frame_0056-Ck-sAJHu.webp                         [39m[1m[2m110.20 kB[22m[1m[22m
[2mdist/[22m[32massets/frame_0334-5Qaf_NSb.webp                         [39m[1m[2m110.51 kB[22m[1m[22m
[2mdist/[22m[32massets/frame_0090-EYTSeeh-.webp                         [39m[1m[2m110.73 kB[22m[1m[22m
[2mdist/[22m[32massets/frame_0331-yMjFlfnA.webp                         [39m[1m[2m110.73 kB[22m[1m[22m
[2mdist/[22m[32massets/frame_0326-DIVtIi0g.webp                         [39m[1m[2m110.76 kB[22m[1m[22m
[2mdist/[22m[32massets/frame_0088-DBR3tfbP.webp                         [39m[1m[2m110.89 kB[22m[1m[22m
[2mdist/[22m[32massets/frame_0227-DOi_in6g.webp                         [39m[1m[2m110.89 kB[22m[1m[22m
[2mdist/[22m[32massets/frame_0257-3qKHCBLC.webp                         [39m[1m[2m110.94 kB[22m[1m[22m
[2mdist/[22m[32massets/frame_0066-BYhwovRb.webp                         [39m[1m[2m111.01 kB[22m[1m[22m
[2mdist/[22m[32massets/frame_0336-C0rBdC8g.webp                         [39m[1m[2m111.07 kB[22m[1m[22m
[2mdist/[22m[32massets/frame_0055-nAgKKSwE.webp                         [39m[1m[2m111.10 kB[22m[1m[22m
[2mdist/[22m[32massets/frame_0050-CNGYqqFM.webp                         [39m[1m[2m111.10 kB[22m[1m[22m
[2mdist/[22m[32massets/frame_0260-DOtCtq4d.webp                         [39m[1m[2m111.22 kB[22m[1m[22m
[2mdist/[22m[32massets/frame_0043-DbSW52ur.webp                         [39m[1m[2m111.47 kB[22m[1m[22m
[2mdist/[22m[32massets/frame_0224-Cpuj-YgF.webp                         [39m[1m[2m111.60 kB[22m[1m[22m
[2mdist/[22m[32massets/frame_0046-Czcb8CNI.webp                         [39m[1m[2m111.73 kB[22m[1m[22m
[2mdist/[22m[32massets/frame_0087-xDdaC6zH.webp                         [39m[1m[2m111.95 kB[22m[1m[22m
[2mdist/[22m[32massets/frame_0081-CRKz8MFO.webp                         [39m[1m[2m112.10 kB[22m[1m[22m
[2mdist/[22m[32massets/frame_0047-ClLU0vFh.webp                         [39m[1m[2m112.37 kB[22m[1m[22m
[2mdist/[22m[32massets/frame_0094-Drdlk_Fo.webp                         [39m[1m[2m112.85 kB[22m[1m[22m
[2mdist/[22m[32massets/frame_0092-DFBW3mFO.webp                         [39m[1m[2m112.92 kB[22m[1m[22m
[2mdist/[22m[32massets/frame_0328-JJug_j14.webp                         [39m[1m[2m112.93 kB[22m[1m[22m
[2mdist/[22m[32massets/frame_0044-MgE5XvES.webp                         [39m[1m[2m113.05 kB[22m[1m[22m
[2mdist/[22m[32massets/frame_0068-Dh_bLyA7.webp                         [39m[1m[2m113.28 kB[22m[1m[22m
[2mdist/[22m[32massets/frame_0052-DO2EX7cs.webp                         [39m[1m[2m113.53 kB[22m[1m[22m
[2mdist/[22m[32massets/frame_0091-C5PqDDxF.webp                         [39m[1m[2m113.58 kB[22m[1m[22m
[2mdist/[22m[32massets/frame_0067-DcSD_Fl_.webp                         [39m[1m[2m113.60 kB[22m[1m[22m
[2mdist/[22m[32massets/frame_0051-DtWIs8Mo.webp                         [39m[1m[2m113.64 kB[22m[1m[22m
[2mdist/[22m[32massets/frame_0338-DUxK_-tT.webp                         [39m[1m[2m113.65 kB[22m[1m[22m
[2mdist/[22m[32massets/frame_0041-D47o422m.webp                         [39m[1m[2m113.82 kB[22m[1m[22m
[2mdist/[22m[32massets/frame_0226-_67kTwMg.webp                         [39m[1m[2m113.96 kB[22m[1m[22m
[2mdist/[22m[32massets/frame_0341-Cr0ZEK0J.webp                         [39m[1m[2m114.02 kB[22m[1m[22m
[2mdist/[22m[32massets/frame_0332-C16ni7Fk.webp                         [39m[1m[2m114.04 kB[22m[1m[22m
[2mdist/[22m[32massets/frame_0001-CsTr5dQH.webp                         [39m[1m[2m114.07 kB[22m[1m[22m
[2mdist/[22m[32massets/frame_0048-D3hLbTTh.webp                         [39m[1m[2m114.22 kB[22m[1m[22m
[2mdist/[22m[32massets/frame_0057-ax7gV08m.webp                         [39m[1m[2m114.31 kB[22m[1m[22m
[2mdist/[22m[32massets/frame_0098-DNh9wyCB.webp                         [39m[1m[2m114.56 kB[22m[1m[22m
[2mdist/[22m[32massets/frame_0228-CR0Euau_.webp                         [39m[1m[2m114.79 kB[22m[1m[22m
[2mdist/[22m[32massets/frame_0070-DHi1eM12.webp                         [39m[1m[2m114.81 kB[22m[1m[22m
[2mdist/[22m[32massets/frame_0085--9WJQd8c.webp                         [39m[1m[2m114.91 kB[22m[1m[22m
[2mdist/[22m[32massets/frame_0096-CvWxoA_D.webp                         [39m[1m[2m114.95 kB[22m[1m[22m
[2mdist/[22m[32massets/frame_0061-Bn_Z6oLF.webp                         [39m[1m[2m115.02 kB[22m[1m[22m
[2mdist/[22m[32massets/frame_0259-CRH5Yk29.webp                         [39m[1m[2m115.31 kB[22m[1m[22m
[2mdist/[22m[32massets/frame_0229-D0-7o8vg.webp                         [39m[1m[2m115.37 kB[22m[1m[22m
[2mdist/[22m[32massets/frame_0330-BcWyqq0f.webp                         [39m[1m[2m115.66 kB[22m[1m[22m
[2mdist/[22m[32massets/frame_0095-_dFXAFU2.webp                         [39m[1m[2m115.98 kB[22m[1m[22m
[2mdist/[22m[32massets/frame_0102-BRjNBLc6.webp                         [39m[1m[2m116.44 kB[22m[1m[22m
[2mdist/[22m[32massets/frame_0045-CbFx--7d.webp                         [39m[1m[2m116.49 kB[22m[1m[22m
[2mdist/[22m[32massets/frame_0100-_oXrsoDA.webp                         [39m[1m[2m116.52 kB[22m[1m[22m
[2mdist/[22m[32massets/frame_0262-BnAHeqet.webp                         [39m[1m[2m116.64 kB[22m[1m[22m
[2mdist/[22m[32massets/frame_0089-BBCwtlA4.webp                         [39m[1m[2m116.77 kB[22m[1m[22m
[2mdist/[22m[32massets/frame_0053-3Veqj22V.webp                         [39m[1m[2m117.18 kB[22m[1m[22m
[2mdist/[22m[32massets/frame_0071-DeiYK4o6.webp                         [39m[1m[2m117.26 kB[22m[1m[22m
[2mdist/[22m[32massets/frame_0065-CSEs9QCE.webp                         [39m[1m[2m117.30 kB[22m[1m[22m
[2mdist/[22m[32massets/frame_0099-byx8Oo8M.webp                         [39m[1m[2m117.49 kB[22m[1m[22m
[2mdist/[22m[32massets/frame_0072-DoGoIaOH.webp                         [39m[1m[2m117.50 kB[22m[1m[22m
[2mdist/[22m[32massets/frame_0340-B6Lisb0J.webp                         [39m[1m[2m117.57 kB[22m[1m[22m
[2mdist/[22m[32massets/frame_0231-DpCbjShg.webp                         [39m[1m[2m117.80 kB[22m[1m[22m
[2mdist/[22m[32massets/frame_0104-CpjGMUOP.webp                         [39m[1m[2m118.05 kB[22m[1m[22m
[2mdist/[22m[32massets/frame_0103-BPGUpOv5.webp                         [39m[1m[2m118.62 kB[22m[1m[22m
[2mdist/[22m[32massets/frame_0049-vD5aUYaC.webp                         [39m[1m[2m118.78 kB[22m[1m[22m
[2mdist/[22m[32massets/frame_0093-DBEK0Gu2.webp                         [39m[1m[2m118.81 kB[22m[1m[22m
[2mdist/[22m[32massets/frame_0261-BPGIWjlR.webp                         [39m[1m[2m119.18 kB[22m[1m[22m
[2mdist/[22m[32massets/frame_0106-D4BmFbPb.webp                         [39m[1m[2m119.34 kB[22m[1m[22m
[2mdist/[22m[32massets/frame_0233-Cdb45hf6.webp                         [39m[1m[2m119.69 kB[22m[1m[22m
[2mdist/[22m[32massets/frame_0343-CKdiif55.webp                         [39m[1m[2m120.12 kB[22m[1m[22m
[2mdist/[22m[32massets/frame_0235-CRt8Au5d.webp                         [39m[1m[2m120.22 kB[22m[1m[22m
[2mdist/[22m[32massets/frame_0074-BQLBW3aB.webp                         [39m[1m[2m120.30 kB[22m[1m[22m
[2mdist/[22m[32massets/frame_0230-BqRZFxUq.webp                         [39m[1m[2m120.37 kB[22m[1m[22m
[2mdist/[22m[32massets/frame_0108-Bn5MPgLT.webp                         [39m[1m[2m120.79 kB[22m[1m[22m
[2mdist/[22m[32massets/frame_0097-DND-Ubxy.webp                         [39m[1m[2m120.84 kB[22m[1m[22m
[2mdist/[22m[32massets/frame_0069-DlGHxeE3.webp                         [39m[1m[2m121.32 kB[22m[1m[22m
[2mdist/[22m[32massets/frame_0107-Oz4yflhz.webp                         [39m[1m[2m121.46 kB[22m[1m[22m
[2mdist/[22m[32massets/frame_0101-F_-imLhS.webp                         [39m[1m[2m121.48 kB[22m[1m[22m
[2mdist/[22m[32massets/frame_0237-BSpf_16H.webp                         [39m[1m[2m121.64 kB[22m[1m[22m
[2mdist/[22m[32massets/frame_0232-BuFxOG7f.webp                         [39m[1m[2m122.04 kB[22m[1m[22m
[2mdist/[22m[32massets/frame_0105-CVCYoYay.webp                         [39m[1m[2m122.33 kB[22m[1m[22m
[2mdist/[22m[32massets/frame_0239-1zbK8gll.webp                         [39m[1m[2m122.49 kB[22m[1m[22m
[2mdist/[22m[32massets/frame_0342-CyDRtrrz.webp                         [39m[1m[2m122.73 kB[22m[1m[22m
[2mdist/[22m[32massets/frame_0110-CwL4PfeH.webp                         [39m[1m[2m123.37 kB[22m[1m[22m
[2mdist/[22m[32massets/frame_0076-nvCsQD7V.webp                         [39m[1m[2m123.54 kB[22m[1m[22m
[2mdist/[22m[32massets/frame_0075-B_caVJkp.webp                         [39m[1m[2m123.72 kB[22m[1m[22m
[2mdist/[22m[32massets/frame_0234-DUmJruno.webp                         [39m[1m[2m123.78 kB[22m[1m[22m
[2mdist/[22m[32massets/frame_0241-GViXTILV.webp                         [39m[1m[2m124.32 kB[22m[1m[22m
[2mdist/[22m[32massets/frame_0264-MCljJmEC.webp                         [39m[1m[2m124.49 kB[22m[1m[22m
[2mdist/[22m[32massets/frame_0109-BHpO6yVU.webp                         [39m[1m[2m124.71 kB[22m[1m[22m
[2mdist/[22m[32massets/frame_0236-C_sIkIea.webp                         [39m[1m[2m124.83 kB[22m[1m[22m
[2mdist/[22m[32massets/frame_0345-Dnk34SOq.webp                         [39m[1m[2m125.28 kB[22m[1m[22m
[2mdist/[22m[32massets/frame_0243-DE9zzvay.webp                         [39m[1m[2m125.59 kB[22m[1m[22m
[2mdist/[22m[32massets/frame_0078-BQSXi9Q2.webp                         [39m[1m[2m125.95 kB[22m[1m[22m
[2mdist/[22m[32massets/frame_0238-jwYk-6K3.webp                         [39m[1m[2m126.17 kB[22m[1m[22m
[2mdist/[22m[32massets/frame_0112-B48jnbJG.webp                         [39m[1m[2m126.18 kB[22m[1m[22m
[2mdist/[22m[32massets/frame_0263-BrHmqX_P.webp                         [39m[1m[2m126.27 kB[22m[1m[22m
[2mdist/[22m[32massets/frame_0073-B4RsX4HL.webp                         [39m[1m[2m126.82 kB[22m[1m[22m
[2mdist/[22m[32massets/frame_0113-Bf4s-Vt9.webp                         [39m[1m[2m127.29 kB[22m[1m[22m
[2mdist/[22m[32massets/frame_0240-sMbMJ954.webp                         [39m[1m[2m127.58 kB[22m[1m[22m
[2mdist/[22m[32massets/frame_0111-C3wjn6N7.webp                         [39m[1m[2m127.72 kB[22m[1m[22m
[2mdist/[22m[32massets/frame_0114-CWMGJZE_.webp                         [39m[1m[2m128.10 kB[22m[1m[22m
[2mdist/[22m[32massets/frame_0080-B4MliB-T.webp                         [39m[1m[2m128.52 kB[22m[1m[22m
[2mdist/[22m[32massets/frame_0242-BZFPaUWx.webp                         [39m[1m[2m129.01 kB[22m[1m[22m
[2mdist/[22m[32massets/frame_0079-DWRERYdu.webp                         [39m[1m[2m129.14 kB[22m[1m[22m
[2mdist/[22m[32massets/frame_0266-0HZ_bkTI.webp                         [39m[1m[2m129.45 kB[22m[1m[22m
[2mdist/[22m[32massets/frame_0344-DwXeZAhQ.webp                         [39m[1m[2m129.48 kB[22m[1m[22m
[2mdist/[22m[32massets/frame_0347-B4kEmAsy.webp                         [39m[1m[2m129.50 kB[22m[1m[22m
[2mdist/[22m[32massets/frame_0116-dllRf8El.webp                         [39m[1m[2m129.99 kB[22m[1m[22m
[2mdist/[22m[32massets/frame_0082-0fx0LRoS.webp                         [39m[1m[2m130.06 kB[22m[1m[22m
[2mdist/[22m[32massets/frame_0244-Zd9JN7BK.webp                         [39m[1m[2m130.37 kB[22m[1m[22m
[2mdist/[22m[32massets/frame_0117-CqTvrH0W.webp                         [39m[1m[2m130.62 kB[22m[1m[22m
[2mdist/[22m[32massets/frame_0118-B87L27ET.webp                         [39m[1m[2m130.85 kB[22m[1m[22m
[2mdist/[22m[32massets/frame_0119-B2FtJo0n.webp                         [39m[1m[2m131.53 kB[22m[1m[22m
[2mdist/[22m[32massets/frame_0120-CROsbeeH.webp                         [39m[1m[2m131.64 kB[22m[1m[22m
[2mdist/[22m[32massets/frame_0115-DKIBO5YC.webp                         [39m[1m[2m132.15 kB[22m[1m[22m
[2mdist/[22m[32massets/frame_0349-P2PxjrTH.webp                         [39m[1m[2m132.19 kB[22m[1m[22m
[2mdist/[22m[32massets/frame_0084-DOEPjoaC.webp                         [39m[1m[2m132.34 kB[22m[1m[22m
[2mdist/[22m[32massets/frame_0086-Yd5tSgwY.webp                         [39m[1m[2m132.49 kB[22m[1m[22m
[2mdist/[22m[32massets/frame_0265-CadEL0WT.webp                         [39m[1m[2m132.87 kB[22m[1m[22m
[2mdist/[22m[32massets/frame_0077-Dlb1aqQc.webp                         [39m[1m[2m133.19 kB[22m[1m[22m
[2mdist/[22m[32massets/frame_0346-zNBdamZk.webp                         [39m[1m[2m133.24 kB[22m[1m[22m
[2mdist/[22m[32massets/frame_0268-OYV3VHu7.webp                         [39m[1m[2m133.28 kB[22m[1m[22m
[2mdist/[22m[32massets/frame_0083-DMepY95o.webp                         [39m[1m[2m133.47 kB[22m[1m[22m
[2mdist/[22m[32massets/frame_0351-DbnH0wtt.webp                         [39m[1m[2m133.84 kB[22m[1m[22m
[2mdist/[22m[32massets/frame_0090-u2lW6Bp0.webp                         [39m[1m[2m134.53 kB[22m[1m[22m
[2mdist/[22m[32massets/frame_0088-Cup4YJn8.webp                         [39m[1m[2m134.72 kB[22m[1m[22m
[2mdist/[22m[32massets/frame_0121-j7_0reM_.webp                         [39m[1m[2m134.74 kB[22m[1m[22m
[2mdist/[22m[32massets/frame_0270-dQ0lbamF.webp                         [39m[1m[2m134.98 kB[22m[1m[22m
[2mdist/[22m[32massets/frame_0087-CKcf0H1l.webp                         [39m[1m[2m136.25 kB[22m[1m[22m
[2mdist/[22m[32massets/frame_0348-DeAM7DUe.webp                         [39m[1m[2m136.41 kB[22m[1m[22m
[2mdist/[22m[32massets/frame_0081-BLfnCNpv.webp                         [39m[1m[2m137.11 kB[22m[1m[22m
[2mdist/[22m[32massets/frame_0350-UWCHuMVU.webp                         [39m[1m[2m137.56 kB[22m[1m[22m
[2mdist/[22m[32massets/frame_0092-tHY8f_MZ.webp                         [39m[1m[2m137.71 kB[22m[1m[22m
[2mdist/[22m[32massets/frame_0267-DfJ3j6ei.webp                         [39m[1m[2m138.01 kB[22m[1m[22m
[2mdist/[22m[32massets/frame_0091-CRvtJSl5.webp                         [39m[1m[2m138.11 kB[22m[1m[22m
[2mdist/[22m[32massets/frame_0353-BSLXPJmb.webp                         [39m[1m[2m138.26 kB[22m[1m[22m
[2mdist/[22m[32massets/frame_0094-yYP2Q8YL.webp                         [39m[1m[2m138.26 kB[22m[1m[22m
[2mdist/[22m[32massets/frame_0355-DY3gLzCI.webp                         [39m[1m[2m139.05 kB[22m[1m[22m
[2mdist/[22m[32massets/frame_0272-q7RiRtQN.webp                         [39m[1m[2m139.92 kB[22m[1m[22m
[2mdist/[22m[32massets/frame_0096-BCuCnbph.webp                         [39m[1m[2m140.30 kB[22m[1m[22m
[2mdist/[22m[32massets/frame_0098-CSV3GHKf.webp                         [39m[1m[2m140.44 kB[22m[1m[22m
[2mdist/[22m[32massets/frame_0085-DP6GBLH4.webp                         [39m[1m[2m140.61 kB[22m[1m[22m
[2mdist/[22m[32massets/frame_0269-hns1X2HO.webp                         [39m[1m[2m140.67 kB[22m[1m[22m
[2mdist/[22m[32massets/frame_0352-BuYq5abI.webp                         [39m[1m[2m141.33 kB[22m[1m[22m
[2mdist/[22m[32massets/frame_0357-CNSTbiow.webp                         [39m[1m[2m141.37 kB[22m[1m[22m
[2mdist/[22m[32massets/frame_0095-CAyA3vbG.webp                         [39m[1m[2m141.87 kB[22m[1m[22m
[2mdist/[22m[32massets/frame_0100-CK05vFfq.webp                         [39m[1m[2m142.15 kB[22m[1m[22m
[2mdist/[22m[32massets/frame_0089-BAyndpSy.webp                         [39m[1m[2m142.27 kB[22m[1m[22m
[2mdist/[22m[32massets/frame_0102-oZ6VOKWF.webp                         [39m[1m[2m142.56 kB[22m[1m[22m
[2mdist/[22m[32massets/frame_0099-BWOwzEUI.webp                         [39m[1m[2m143.04 kB[22m[1m[22m
[2mdist/[22m[32massets/frame_0354-Bmq6wD6t.webp                         [39m[1m[2m143.53 kB[22m[1m[22m
[2mdist/[22m[32massets/frame_0104-ciVvbqRT.webp                         [39m[1m[2m143.73 kB[22m[1m[22m
[2mdist/[22m[32massets/frame_0359-CrlMsUAf.webp                         [39m[1m[2m143.92 kB[22m[1m[22m
[2mdist/[22m[32massets/frame_0271-cd-jLOtZ.webp                         [39m[1m[2m144.33 kB[22m[1m[22m
[2mdist/[22m[32massets/frame_0274-DBNF0b2J.webp                         [39m[1m[2m144.53 kB[22m[1m[22m
[2mdist/[22m[32massets/frame_0356-DH3Mmltc.webp                         [39m[1m[2m144.65 kB[22m[1m[22m
[2mdist/[22m[32massets/frame_0103-Db0DCwnN.webp                         [39m[1m[2m145.05 kB[22m[1m[22m
[2mdist/[22m[32massets/frame_0106-Dz7_9TGl.webp                         [39m[1m[2m145.36 kB[22m[1m[22m
[2mdist/[22m[32massets/frame_0093-D-S51BHu.webp                         [39m[1m[2m145.73 kB[22m[1m[22m
[2mdist/[22m[32massets/frame_0358-Bbs2PqSM.webp                         [39m[1m[2m146.04 kB[22m[1m[22m
[2mdist/[22m[32massets/frame_0108-BBAR4Ttr.webp                         [39m[1m[2m147.62 kB[22m[1m[22m
[2mdist/[22m[32massets/frame_0097-WWHtOhRf.webp                         [39m[1m[2m147.90 kB[22m[1m[22m
[2mdist/[22m[32massets/frame_0107-CpZrnYsJ.webp                         [39m[1m[2m147.94 kB[22m[1m[22m
[2mdist/[22m[32massets/frame_0276-DRNabxg1.webp                         [39m[1m[2m147.95 kB[22m[1m[22m
[2mdist/[22m[32massets/frame_0273-Cepel6X9.webp                         [39m[1m[2m148.04 kB[22m[1m[22m
[2mdist/[22m[32massets/frame_0101-54-5_cHO.webp                         [39m[1m[2m149.08 kB[22m[1m[22m
[2mdist/[22m[32massets/frame_0278-Dy_NB2Oo.webp                         [39m[1m[2m149.16 kB[22m[1m[22m
[2mdist/[22m[32massets/frame_0360-C9-5V7l3.webp                         [39m[1m[2m149.29 kB[22m[1m[22m
[2mdist/[22m[32massets/frame_0105-BCm37s5L.webp                         [39m[1m[2m150.06 kB[22m[1m[22m
[2mdist/[22m[32massets/frame_0361-DgUXvkYT.webp                         [39m[1m[2m150.31 kB[22m[1m[22m
[2mdist/[22m[32massets/frame_0280-DSvfGQhK.webp                         [39m[1m[2m150.72 kB[22m[1m[22m
[2mdist/[22m[32massets/frame_0110-DSWnscLF.webp                         [39m[1m[2m151.42 kB[22m[1m[22m
[2mdist/[22m[32massets/frame_0275-dGbEQpfL.webp                         [39m[1m[2m151.46 kB[22m[1m[22m
[2mdist/[22m[32massets/frame_0282-aJT349Q7.webp                         [39m[1m[2m151.81 kB[22m[1m[22m
[2mdist/[22m[32massets/frame_0362-Cki0Mafr.webp                         [39m[1m[2m152.62 kB[22m[1m[22m
[2mdist/[22m[32massets/frame_0284-qKqQNxsX.webp                         [39m[1m[2m152.91 kB[22m[1m[22m
[2mdist/[22m[32massets/frame_0286-TZ02bMOm.webp                         [39m[1m[2m153.01 kB[22m[1m[22m
[2mdist/[22m[32massets/frame_0277-CZ78aBOE.webp                         [39m[1m[2m153.17 kB[22m[1m[22m
[2mdist/[22m[32massets/frame_0288-CY1KkdiB.webp                         [39m[1m[2m153.34 kB[22m[1m[22m
[2mdist/[22m[32massets/frame_0109-CTu35mz1.webp                         [39m[1m[2m153.48 kB[22m[1m[22m
[2mdist/[22m[32massets/frame_0290-DLYlnENe.webp                         [39m[1m[2m153.76 kB[22m[1m[22m
[2mdist/[22m[32massets/frame_0279-CM1XQPly.webp                         [39m[1m[2m153.91 kB[22m[1m[22m
[2mdist/[22m[32massets/frame_0111-93KOyRKt.webp                         [39m[1m[2m154.11 kB[22m[1m[22m
[2mdist/[22m[32massets/frame_0292-IgUbs5Uf.webp                         [39m[1m[2m154.64 kB[22m[1m[22m
[33m
(!) Some chunks are larger than 500 kB after minification. Consider:
- Using dynamic import() to code-split the application
- Use build.rollupOptions.output.manualChunks to improve chunking: https://rollupjs.org/configuration-options/#output-manualchunks
- Adjust chunk size limit for this warning via build.chunkSizeWarningLimit.[39m
[2mdist/[22m[32massets/frame_0281-KtHK2sZ_.webp                         [39m[1m[2m155.06 kB[22m[1m[22m
[2mdist/[22m[32massets/frame_0294-Dnw5n07O.webp                         [39m[1m[2m155.21 kB[22m[1m[22m
[2mdist/[22m[32massets/frame_0112-Cdg-Fd79.webp                         [39m[1m[2m155.32 kB[22m[1m[22m
[2mdist/[22m[32massets/frame_0363-CBg9Fm0R.webp                         [39m[1m[2m155.61 kB[22m[1m[22m
[2mdist/[22m[32massets/frame_0283-CvW7A6dz.webp                         [39m[1m[2m155.81 kB[22m[1m[22m
[2mdist/[22m[32massets/frame_0296-BzsCVjXK.webp                         [39m[1m[2m156.08 kB[22m[1m[22m
[2mdist/[22m[32massets/frame_0364-CD-MmIaG.webp                         [39m[1m[2m156.69 kB[22m[1m[22m
[2mdist/[22m[32massets/frame_0113-TEcNdjwy.webp                         [39m[1m[2m156.79 kB[22m[1m[22m
[2mdist/[22m[32massets/frame_0285-BQYPiRVg.webp                         [39m[1m[2m156.80 kB[22m[1m[22m
[2mdist/[22m[32massets/frame_0289-BW8Xw2U-.webp                         [39m[1m[2m156.87 kB[22m[1m[22m
[2mdist/[22m[32massets/frame_0300-BxEz7N6c.webp                         [39m[1m[2m156.99 kB[22m[1m[22m
[2mdist/[22m[32massets/frame_0287-mqd_PxQl.webp                         [39m[1m[2m157.15 kB[22m[1m[22m
[2mdist/[22m[32massets/frame_0298-9Tk4Q12l.webp                         [39m[1m[2m157.24 kB[22m[1m[22m
[2mdist/[22m[32massets/frame_0114-DdUwwSWB.webp                         [39m[1m[2m157.54 kB[22m[1m[22m
[2mdist/[22m[32massets/frame_0302-CyQNN4zH.webp                         [39m[1m[2m157.61 kB[22m[1m[22m
[2mdist/[22m[32massets/frame_0291-Bsf8QbMM.webp                         [39m[1m[2m157.64 kB[22m[1m[22m
[2mdist/[22m[32massets/frame_0365-D1ikiIcB.webp                         [39m[1m[2m157.91 kB[22m[1m[22m
[2mdist/[22m[32massets/frame_0304-h1DTPQpC.webp                         [39m[1m[2m158.34 kB[22m[1m[22m
[2mdist/[22m[32massets/frame_0293-CtV5X-oD.webp                         [39m[1m[2m158.46 kB[22m[1m[22m
[2mdist/[22m[32massets/frame_0295-D1cbzrGd.webp                         [39m[1m[2m159.17 kB[22m[1m[22m
[2mdist/[22m[32massets/alqalam-BhnJINiQ.png                             [39m[1m[2m159.21 kB[22m[1m[22m
[2mdist/[22m[32massets/frame_0366-BN_xolsm.webp                         [39m[1m[2m159.41 kB[22m[1m[22m
[2mdist/[22m[32massets/frame_0115-BE7RKY8k.webp                         [39m[1m[2m159.93 kB[22m[1m[22m
[2mdist/[22m[32massets/frame_0116-BVGUcQTh.webp                         [39m[1m[2m160.25 kB[22m[1m[22m
[2mdist/[22m[32massets/frame_0297-B0QumzNz.webp                         [39m[1m[2m160.36 kB[22m[1m[22m
[2mdist/[22m[32massets/frame_0299-lxgH15Mv.webp                         [39m[1m[2m160.91 kB[22m[1m[22m
[2mdist/[22m[32massets/frame_0117-DV_rtneY.webp                         [39m[1m[2m161.04 kB[22m[1m[22m
[2mdist/[22m[32massets/frame_0301-0TgF-QEB.webp                         [39m[1m[2m161.16 kB[22m[1m[22m
[2mdist/[22m[32massets/frame_0305-DCDglOFB.webp                         [39m[1m[2m161.27 kB[22m[1m[22m
[2mdist/[22m[32massets/frame_0118-C1XrjzF6.webp                         [39m[1m[2m161.47 kB[22m[1m[22m
[2mdist/[22m[32massets/frame_0303-4F3KBkNs.webp                         [39m[1m[2m161.75 kB[22m[1m[22m
[2mdist/[22m[32massets/frame_0119-dNvDXKKP.webp                         [39m[1m[2m162.30 kB[22m[1m[22m
[2mdist/[22m[32massets/frame_0120-BnfXdni0.webp                         [39m[1m[2m162.67 kB[22m[1m[22m
[2mdist/[22m[32massets/frame_0121-fyzPyTKo.webp                         [39m[1m[2m163.59 kB[22m[1m[22m
[2mdist/[22m[35massets/index-CobC7BNr.css                               [39m[1m[2m 46.34 kB[22m[1m[22m[2m Γöé gzip:   7.03 kB[22m
[2mdist/[22m[36massets/index-CnZpfPpz.js                                [39m[1m[33m534.52 kB[39m[22m[2m Γöé gzip: 165.68 kB[22m
[32mΓ£ô built in 19.06s[39m
